lib/gcc/i686-pc-mingw32/3.4.4/cc1plus.exe
lib/gcc/i686-pc-mingw32/3.4.4/debug/libstdc++.a
lib/gcc/i686-pc-mingw32/3.4.4/debug/libstdc++.la
lib/gcc/i686-pc-mingw32/3.4.4/include/c++/algorithm
lib/gcc/i686-pc-mingw32/3.4.4/include/c++/backward/algo.h
lib/gcc/i686-pc-mingw32/3.4.4/include/c++/backward/algobase.h
lib/gcc/i686-pc-mingw32/3.4.4/include/c++/backward/alloc.h
lib/gcc/i686-pc-mingw32/3.4.4/include/c++/backward/backward_warning.h
lib/gcc/i686-pc-mingw32/3.4.4/include/c++/backward/bvector.h
lib/gcc/i686-pc-mingw32/3.4.4/include/c++/backward/complex.h
lib/gcc/i686-pc-mingw32/3.4.4/include/c++/backward/defalloc.h
lib/gcc/i686-pc-mingw32/3.4.4/include/c++/backward/deque.h
lib/gcc/i686-pc-mingw32/3.4.4/include/c++/backward/fstream.h
lib/gcc/i686-pc-mingw32/3.4.4/include/c++/backward/function.h
lib/gcc/i686-pc-mingw32/3.4.4/include/c++/backward/hash_map.h
lib/gcc/i686-pc-mingw32/3.4.4/include/c++/backward/hash_set.h
lib/gcc/i686-pc-mingw32/3.4.4/include/c++/backward/hashtable.h
lib/gcc/i686-pc-mingw32/3.4.4/include/c++/backward/heap.h
lib/gcc/i686-pc-mingw32/3.4.4/include/c++/backward/iomanip.h
lib/gcc/i686-pc-mingw32/3.4.4/include/c++/backward/iostream.h
lib/gcc/i686-pc-mingw32/3.4.4/include/c++/backward/istream.h
lib/gcc/i686-pc-mingw32/3.4.4/include/c++/backward/iterator.h
lib/gcc/i686-pc-mingw32/3.4.4/include/c++/backward/list.h
lib/gcc/i686-pc-mingw32/3.4.4/include/c++/backward/map.h
lib/gcc/i686-pc-mingw32/3.4.4/include/c++/backward/multimap.h
lib/gcc/i686-pc-mingw32/3.4.4/include/c++/backward/multiset.h
lib/gcc/i686-pc-mingw32/3.4.4/include/c++/backward/new.h
lib/gcc/i686-pc-mingw32/3.4.4/include/c++/backward/ostream.h
lib/gcc/i686-pc-mingw32/3.4.4/include/c++/backward/pair.h
lib/gcc/i686-pc-mingw32/3.4.4/include/c++/backward/queue.h
lib/gcc/i686-pc-mingw32/3.4.4/include/c++/backward/rope.h
lib/gcc/i686-pc-mingw32/3.4.4/include/c++/backward/set.h
lib/gcc/i686-pc-mingw32/3.4.4/include/c++/backward/slist.h
lib/gcc/i686-pc-mingw32/3.4.4/include/c++/backward/stack.h
lib/gcc/i686-pc-mingw32/3.4.4/include/c++/backward/stream.h
lib/gcc/i686-pc-mingw32/3.4.4/include/c++/backward/streambuf.h
lib/gcc/i686-pc-mingw32/3.4.4/include/c++/backward/strstream
lib/gcc/i686-pc-mingw32/3.4.4/include/c++/backward/tempbuf.h
lib/gcc/i686-pc-mingw32/3.4.4/include/c++/backward/tree.h
lib/gcc/i686-pc-mingw32/3.4.4/include/c++/backward/vector.h
lib/gcc/i686-pc-mingw32/3.4.4/include/c++/bits/allocator.h
lib/gcc/i686-pc-mingw32/3.4.4/include/c++/bits/atomicity.h
lib/gcc/i686-pc-mingw32/3.4.4/include/c++/bits/basic_ios.h
lib/gcc/i686-pc-mingw32/3.4.4/include/c++/bits/basic_ios.tcc
lib/gcc/i686-pc-mingw32/3.4.4/include/c++/bits/basic_string.h
lib/gcc/i686-pc-mingw32/3.4.4/include/c++/bits/basic_string.tcc
lib/gcc/i686-pc-mingw32/3.4.4/include/c++/bits/boost_concept_check.h
lib/gcc/i686-pc-mingw32/3.4.4/include/c++/bits/char_traits.h
lib/gcc/i686-pc-mingw32/3.4.4/include/c++/bits/cmath.tcc
lib/gcc/i686-pc-mingw32/3.4.4/include/c++/bits/codecvt.h
lib/gcc/i686-pc-mingw32/3.4.4/include/c++/bits/concept_check.h
lib/gcc/i686-pc-mingw32/3.4.4/include/c++/bits/concurrence.h
lib/gcc/i686-pc-mingw32/3.4.4/include/c++/bits/cpp_type_traits.h
lib/gcc/i686-pc-mingw32/3.4.4/include/c++/bits/deque.tcc
lib/gcc/i686-pc-mingw32/3.4.4/include/c++/bits/fstream.tcc
lib/gcc/i686-pc-mingw32/3.4.4/include/c++/bits/functexcept.h
lib/gcc/i686-pc-mingw32/3.4.4/include/c++/bits/gslice.h
lib/gcc/i686-pc-mingw32/3.4.4/include/c++/bits/gslice_array.h
lib/gcc/i686-pc-mingw32/3.4.4/include/c++/bits/indirect_array.h
lib/gcc/i686-pc-mingw32/3.4.4/include/c++/bits/ios_base.h
lib/gcc/i686-pc-mingw32/3.4.4/include/c++/bits/istream.tcc
lib/gcc/i686-pc-mingw32/3.4.4/include/c++/bits/list.tcc
lib/gcc/i686-pc-mingw32/3.4.4/include/c++/bits/locale_classes.h
lib/gcc/i686-pc-mingw32/3.4.4/include/c++/bits/locale_facets.h
lib/gcc/i686-pc-mingw32/3.4.4/include/c++/bits/locale_facets.tcc
lib/gcc/i686-pc-mingw32/3.4.4/include/c++/bits/localefwd.h
lib/gcc/i686-pc-mingw32/3.4.4/include/c++/bits/mask_array.h
lib/gcc/i686-pc-mingw32/3.4.4/include/c++/bits/ostream.tcc
lib/gcc/i686-pc-mingw32/3.4.4/include/c++/bits/postypes.h
lib/gcc/i686-pc-mingw32/3.4.4/include/c++/bits/slice_array.h
lib/gcc/i686-pc-mingw32/3.4.4/include/c++/bits/sstream.tcc
lib/gcc/i686-pc-mingw32/3.4.4/include/c++/bits/stl_algo.h
lib/gcc/i686-pc-mingw32/3.4.4/include/c++/bits/stl_algobase.h
lib/gcc/i686-pc-mingw32/3.4.4/include/c++/bits/stl_bvector.h
lib/gcc/i686-pc-mingw32/3.4.4/include/c++/bits/stl_construct.h
lib/gcc/i686-pc-mingw32/3.4.4/include/c++/bits/stl_deque.h
lib/gcc/i686-pc-mingw32/3.4.4/include/c++/bits/stl_function.h
lib/gcc/i686-pc-mingw32/3.4.4/include/c++/bits/stl_heap.h
lib/gcc/i686-pc-mingw32/3.4.4/include/c++/bits/stl_iterator.h
lib/gcc/i686-pc-mingw32/3.4.4/include/c++/bits/stl_iterator_base_funcs.h
lib/gcc/i686-pc-mingw32/3.4.4/include/c++/bits/stl_iterator_base_types.h
lib/gcc/i686-pc-mingw32/3.4.4/include/c++/bits/stl_list.h
lib/gcc/i686-pc-mingw32/3.4.4/include/c++/bits/stl_map.h
lib/gcc/i686-pc-mingw32/3.4.4/include/c++/bits/stl_multimap.h
lib/gcc/i686-pc-mingw32/3.4.4/include/c++/bits/stl_multiset.h
lib/gcc/i686-pc-mingw32/3.4.4/include/c++/bits/stl_numeric.h
lib/gcc/i686-pc-mingw32/3.4.4/include/c++/bits/stl_pair.h
lib/gcc/i686-pc-mingw32/3.4.4/include/c++/bits/stl_queue.h
lib/gcc/i686-pc-mingw32/3.4.4/include/c++/bits/stl_raw_storage_iter.h
lib/gcc/i686-pc-mingw32/3.4.4/include/c++/bits/stl_relops.h
lib/gcc/i686-pc-mingw32/3.4.4/include/c++/bits/stl_set.h
lib/gcc/i686-pc-mingw32/3.4.4/include/c++/bits/stl_stack.h
lib/gcc/i686-pc-mingw32/3.4.4/include/c++/bits/stl_tempbuf.h
lib/gcc/i686-pc-mingw32/3.4.4/include/c++/bits/stl_threads.h
lib/gcc/i686-pc-mingw32/3.4.4/include/c++/bits/stl_tree.h
lib/gcc/i686-pc-mingw32/3.4.4/include/c++/bits/stl_uninitialized.h
lib/gcc/i686-pc-mingw32/3.4.4/include/c++/bits/stl_vector.h
lib/gcc/i686-pc-mingw32/3.4.4/include/c++/bits/stream_iterator.h
lib/gcc/i686-pc-mingw32/3.4.4/include/c++/bits/streambuf.tcc
lib/gcc/i686-pc-mingw32/3.4.4/include/c++/bits/streambuf_iterator.h
lib/gcc/i686-pc-mingw32/3.4.4/include/c++/bits/stringfwd.h
lib/gcc/i686-pc-mingw32/3.4.4/include/c++/bits/type_traits.h
lib/gcc/i686-pc-mingw32/3.4.4/include/c++/bits/valarray_after.h
lib/gcc/i686-pc-mingw32/3.4.4/include/c++/bits/valarray_array.h
lib/gcc/i686-pc-mingw32/3.4.4/include/c++/bits/valarray_array.tcc
lib/gcc/i686-pc-mingw32/3.4.4/include/c++/bits/valarray_before.h
lib/gcc/i686-pc-mingw32/3.4.4/include/c++/bits/vector.tcc
lib/gcc/i686-pc-mingw32/3.4.4/include/c++/bitset
lib/gcc/i686-pc-mingw32/3.4.4/include/c++/cassert
lib/gcc/i686-pc-mingw32/3.4.4/include/c++/cctype
lib/gcc/i686-pc-mingw32/3.4.4/include/c++/cerrno
lib/gcc/i686-pc-mingw32/3.4.4/include/c++/cfloat
lib/gcc/i686-pc-mingw32/3.4.4/include/c++/ciso646
lib/gcc/i686-pc-mingw32/3.4.4/include/c++/climits
lib/gcc/i686-pc-mingw32/3.4.4/include/c++/clocale
lib/gcc/i686-pc-mingw32/3.4.4/include/c++/cmath
lib/gcc/i686-pc-mingw32/3.4.4/include/c++/complex
lib/gcc/i686-pc-mingw32/3.4.4/include/c++/csetjmp
lib/gcc/i686-pc-mingw32/3.4.4/include/c++/csignal
lib/gcc/i686-pc-mingw32/3.4.4/include/c++/cstdarg
lib/gcc/i686-pc-mingw32/3.4.4/include/c++/cstddef
lib/gcc/i686-pc-mingw32/3.4.4/include/c++/cstdio
lib/gcc/i686-pc-mingw32/3.4.4/include/c++/cstdlib
lib/gcc/i686-pc-mingw32/3.4.4/include/c++/cstring
lib/gcc/i686-pc-mingw32/3.4.4/include/c++/ctime
lib/gcc/i686-pc-mingw32/3.4.4/include/c++/cwchar
lib/gcc/i686-pc-mingw32/3.4.4/include/c++/cwctype
lib/gcc/i686-pc-mingw32/3.4.4/include/c++/cxxabi.h
lib/gcc/i686-pc-mingw32/3.4.4/include/c++/debug/bitset
lib/gcc/i686-pc-mingw32/3.4.4/include/c++/debug/debug.h
lib/gcc/i686-pc-mingw32/3.4.4/include/c++/debug/deque
lib/gcc/i686-pc-mingw32/3.4.4/include/c++/debug/formatter.h
lib/gcc/i686-pc-mingw32/3.4.4/include/c++/debug/hash_map
lib/gcc/i686-pc-mingw32/3.4.4/include/c++/debug/hash_map.h
lib/gcc/i686-pc-mingw32/3.4.4/include/c++/debug/hash_multimap.h
lib/gcc/i686-pc-mingw32/3.4.4/include/c++/debug/hash_multiset.h
lib/gcc/i686-pc-mingw32/3.4.4/include/c++/debug/hash_set
lib/gcc/i686-pc-mingw32/3.4.4/include/c++/debug/hash_set.h
lib/gcc/i686-pc-mingw32/3.4.4/include/c++/debug/list
lib/gcc/i686-pc-mingw32/3.4.4/include/c++/debug/map
lib/gcc/i686-pc-mingw32/3.4.4/include/c++/debug/map.h
lib/gcc/i686-pc-mingw32/3.4.4/include/c++/debug/multimap.h
lib/gcc/i686-pc-mingw32/3.4.4/include/c++/debug/multiset.h
lib/gcc/i686-pc-mingw32/3.4.4/include/c++/debug/safe_base.h
lib/gcc/i686-pc-mingw32/3.4.4/include/c++/debug/safe_iterator.h
lib/gcc/i686-pc-mingw32/3.4.4/include/c++/debug/safe_iterator.tcc
lib/gcc/i686-pc-mingw32/3.4.4/include/c++/debug/safe_sequence.h
lib/gcc/i686-pc-mingw32/3.4.4/include/c++/debug/set
lib/gcc/i686-pc-mingw32/3.4.4/include/c++/debug/set.h
lib/gcc/i686-pc-mingw32/3.4.4/include/c++/debug/string
lib/gcc/i686-pc-mingw32/3.4.4/include/c++/debug/vector
lib/gcc/i686-pc-mingw32/3.4.4/include/c++/deque
lib/gcc/i686-pc-mingw32/3.4.4/include/c++/exception
lib/gcc/i686-pc-mingw32/3.4.4/include/c++/exception_defines.h
lib/gcc/i686-pc-mingw32/3.4.4/include/c++/ext/algorithm
lib/gcc/i686-pc-mingw32/3.4.4/include/c++/ext/bitmap_allocator.h
lib/gcc/i686-pc-mingw32/3.4.4/include/c++/ext/debug_allocator.h
lib/gcc/i686-pc-mingw32/3.4.4/include/c++/ext/enc_filebuf.h
lib/gcc/i686-pc-mingw32/3.4.4/include/c++/ext/functional
lib/gcc/i686-pc-mingw32/3.4.4/include/c++/ext/hash_fun.h
lib/gcc/i686-pc-mingw32/3.4.4/include/c++/ext/hash_map
lib/gcc/i686-pc-mingw32/3.4.4/include/c++/ext/hash_set
lib/gcc/i686-pc-mingw32/3.4.4/include/c++/ext/hashtable.h
lib/gcc/i686-pc-mingw32/3.4.4/include/c++/ext/iterator
lib/gcc/i686-pc-mingw32/3.4.4/include/c++/ext/malloc_allocator.h
lib/gcc/i686-pc-mingw32/3.4.4/include/c++/ext/memory
lib/gcc/i686-pc-mingw32/3.4.4/include/c++/ext/mt_allocator.h
lib/gcc/i686-pc-mingw32/3.4.4/include/c++/ext/new_allocator.h
lib/gcc/i686-pc-mingw32/3.4.4/include/c++/ext/numeric
lib/gcc/i686-pc-mingw32/3.4.4/include/c++/ext/pod_char_traits.h
lib/gcc/i686-pc-mingw32/3.4.4/include/c++/ext/pool_allocator.h
lib/gcc/i686-pc-mingw32/3.4.4/include/c++/ext/rb_tree
lib/gcc/i686-pc-mingw32/3.4.4/include/c++/ext/rope
lib/gcc/i686-pc-mingw32/3.4.4/include/c++/ext/ropeimpl.h
lib/gcc/i686-pc-mingw32/3.4.4/include/c++/ext/slist
lib/gcc/i686-pc-mingw32/3.4.4/include/c++/ext/stdio_filebuf.h
lib/gcc/i686-pc-mingw32/3.4.4/include/c++/ext/stdio_sync_filebuf.h
lib/gcc/i686-pc-mingw32/3.4.4/include/c++/fstream
lib/gcc/i686-pc-mingw32/3.4.4/include/c++/functional
lib/gcc/i686-pc-mingw32/3.4.4/include/c++/i686-pc-mingw32/bits/atomic_word.h
lib/gcc/i686-pc-mingw32/3.4.4/include/c++/i686-pc-mingw32/bits/basic_file.h
lib/gcc/i686-pc-mingw32/3.4.4/include/c++/i686-pc-mingw32/bits/c++allocator.h
lib/gcc/i686-pc-mingw32/3.4.4/include/c++/i686-pc-mingw32/bits/c++config.h
lib/gcc/i686-pc-mingw32/3.4.4/include/c++/i686-pc-mingw32/bits/c++io.h
lib/gcc/i686-pc-mingw32/3.4.4/include/c++/i686-pc-mingw32/bits/c++locale.h
lib/gcc/i686-pc-mingw32/3.4.4/include/c++/i686-pc-mingw32/bits/codecvt_specializations.h
lib/gcc/i686-pc-mingw32/3.4.4/include/c++/i686-pc-mingw32/bits/ctype_base.h
lib/gcc/i686-pc-mingw32/3.4.4/include/c++/i686-pc-mingw32/bits/ctype_inline.h
lib/gcc/i686-pc-mingw32/3.4.4/include/c++/i686-pc-mingw32/bits/ctype_noninline.h
lib/gcc/i686-pc-mingw32/3.4.4/include/c++/i686-pc-mingw32/bits/gthr-default.h
lib/gcc/i686-pc-mingw32/3.4.4/include/c++/i686-pc-mingw32/bits/gthr-posix.h
lib/gcc/i686-pc-mingw32/3.4.4/include/c++/i686-pc-mingw32/bits/gthr-single.h
lib/gcc/i686-pc-mingw32/3.4.4/include/c++/i686-pc-mingw32/bits/gthr.h
lib/gcc/i686-pc-mingw32/3.4.4/include/c++/i686-pc-mingw32/bits/messages_members.h
lib/gcc/i686-pc-mingw32/3.4.4/include/c++/i686-pc-mingw32/bits/os_defines.h
lib/gcc/i686-pc-mingw32/3.4.4/include/c++/i686-pc-mingw32/bits/time_members.h
lib/gcc/i686-pc-mingw32/3.4.4/include/c++/iomanip
lib/gcc/i686-pc-mingw32/3.4.4/include/c++/ios
lib/gcc/i686-pc-mingw32/3.4.4/include/c++/iosfwd
lib/gcc/i686-pc-mingw32/3.4.4/include/c++/iostream
lib/gcc/i686-pc-mingw32/3.4.4/include/c++/istream
lib/gcc/i686-pc-mingw32/3.4.4/include/c++/iterator
lib/gcc/i686-pc-mingw32/3.4.4/include/c++/limits
lib/gcc/i686-pc-mingw32/3.4.4/include/c++/list
lib/gcc/i686-pc-mingw32/3.4.4/include/c++/locale
lib/gcc/i686-pc-mingw32/3.4.4/include/c++/map
lib/gcc/i686-pc-mingw32/3.4.4/include/c++/memory
lib/gcc/i686-pc-mingw32/3.4.4/include/c++/new
lib/gcc/i686-pc-mingw32/3.4.4/include/c++/numeric
lib/gcc/i686-pc-mingw32/3.4.4/include/c++/ostream
lib/gcc/i686-pc-mingw32/3.4.4/include/c++/queue
lib/gcc/i686-pc-mingw32/3.4.4/include/c++/set
lib/gcc/i686-pc-mingw32/3.4.4/include/c++/sstream
lib/gcc/i686-pc-mingw32/3.4.4/include/c++/stack
lib/gcc/i686-pc-mingw32/3.4.4/include/c++/stdexcept
lib/gcc/i686-pc-mingw32/3.4.4/include/c++/streambuf
lib/gcc/i686-pc-mingw32/3.4.4/include/c++/string
lib/gcc/i686-pc-mingw32/3.4.4/include/c++/typeinfo
lib/gcc/i686-pc-mingw32/3.4.4/include/c++/utility
lib/gcc/i686-pc-mingw32/3.4.4/include/c++/valarray
lib/gcc/i686-pc-mingw32/3.4.4/include/c++/vector
lib/gcc/i686-pc-mingw32/3.4.4/libstdc++.a
lib/gcc/i686-pc-mingw32/3.4.4/libstdc++.la
lib/gcc/i686-pc-mingw32/3.4.4/libsupc++.a
lib/gcc/i686-pc-mingw32/3.4.4/libsupc++.la
