lib/gcc-lib/i686-pc-mingw32/3.3.3/gpc1.exe
lib/gcc-lib/i686-pc-mingw32/3.3.3/gpcpp.exe
lib/gcc-lib/i686-pc-mingw32/3.3.3/include/gpc-in-c.h
lib/gcc-lib/i686-pc-mingw32/3.3.3/libgpc.a
lib/gcc-lib/i686-pc-mingw32/3.3.3/specs
lib/gcc-lib/i686-pc-mingw32/3.3.3/units/crt.inc
lib/gcc-lib/i686-pc-mingw32/3.3.3/units/crt.pas
lib/gcc-lib/i686-pc-mingw32/3.3.3/units/crtc.c
lib/gcc-lib/i686-pc-mingw32/3.3.3/units/crtc.h
lib/gcc-lib/i686-pc-mingw32/3.3.3/units/crtdjgpp.h
lib/gcc-lib/i686-pc-mingw32/3.3.3/units/crtlinux386.h
lib/gcc-lib/i686-pc-mingw32/3.3.3/units/crtx.c
lib/gcc-lib/i686-pc-mingw32/3.3.3/units/dos.pas
lib/gcc-lib/i686-pc-mingw32/3.3.3/units/dosunix.pas
lib/gcc-lib/i686-pc-mingw32/3.3.3/units/fileutils.pas
lib/gcc-lib/i686-pc-mingw32/3.3.3/units/gmp.pas
lib/gcc-lib/i686-pc-mingw32/3.3.3/units/gmpc.c
lib/gcc-lib/i686-pc-mingw32/3.3.3/units/gpc-bp.pas
lib/gcc-lib/i686-pc-mingw32/3.3.3/units/gpc.pas
lib/gcc-lib/i686-pc-mingw32/3.3.3/units/gpcutil.pas
lib/gcc-lib/i686-pc-mingw32/3.3.3/units/heapmon.pas
lib/gcc-lib/i686-pc-mingw32/3.3.3/units/intl.pas
lib/gcc-lib/i686-pc-mingw32/3.3.3/units/intlc.c
lib/gcc-lib/i686-pc-mingw32/3.3.3/units/md5.pas
lib/gcc-lib/i686-pc-mingw32/3.3.3/units/overlay.pas
lib/gcc-lib/i686-pc-mingw32/3.3.3/units/pipes.pas
lib/gcc-lib/i686-pc-mingw32/3.3.3/units/pipesc.c
lib/gcc-lib/i686-pc-mingw32/3.3.3/units/ports.pas
lib/gcc-lib/i686-pc-mingw32/3.3.3/units/printer.pas
lib/gcc-lib/i686-pc-mingw32/3.3.3/units/regex.pas
lib/gcc-lib/i686-pc-mingw32/3.3.3/units/regexc.c
lib/gcc-lib/i686-pc-mingw32/3.3.3/units/rts-config.inc
lib/gcc-lib/i686-pc-mingw32/3.3.3/units/strings.pas
lib/gcc-lib/i686-pc-mingw32/3.3.3/units/stringutils.pas
lib/gcc-lib/i686-pc-mingw32/3.3.3/units/system.pas
lib/gcc-lib/i686-pc-mingw32/3.3.3/units/tfdd.pas
lib/gcc-lib/i686-pc-mingw32/3.3.3/units/trap.pas
lib/gcc-lib/i686-pc-mingw32/3.3.3/units/trapc.c
lib/gcc-lib/i686-pc-mingw32/3.3.3/units/turbo3.pas
lib/gcc-lib/i686-pc-mingw32/3.3.3/units/wincrt.pas
lib/gcc-lib/i686-pc-mingw32/3.3.3/units/windos.pas
