lib/gcc/i686-pc-mingw32/3.4.4/adainclude/a-astaco.adb
lib/gcc/i686-pc-mingw32/3.4.4/adainclude/a-astaco.ads
lib/gcc/i686-pc-mingw32/3.4.4/adainclude/a-caldel.adb
lib/gcc/i686-pc-mingw32/3.4.4/adainclude/a-caldel.ads
lib/gcc/i686-pc-mingw32/3.4.4/adainclude/a-calend.adb
lib/gcc/i686-pc-mingw32/3.4.4/adainclude/a-calend.ads
lib/gcc/i686-pc-mingw32/3.4.4/adainclude/a-chahan.adb
lib/gcc/i686-pc-mingw32/3.4.4/adainclude/a-chahan.ads
lib/gcc/i686-pc-mingw32/3.4.4/adainclude/a-charac.ads
lib/gcc/i686-pc-mingw32/3.4.4/adainclude/a-chlat1.ads
lib/gcc/i686-pc-mingw32/3.4.4/adainclude/a-chlat9.ads
lib/gcc/i686-pc-mingw32/3.4.4/adainclude/a-colien.adb
lib/gcc/i686-pc-mingw32/3.4.4/adainclude/a-colien.ads
lib/gcc/i686-pc-mingw32/3.4.4/adainclude/a-colire.adb
lib/gcc/i686-pc-mingw32/3.4.4/adainclude/a-colire.ads
lib/gcc/i686-pc-mingw32/3.4.4/adainclude/a-comlin.adb
lib/gcc/i686-pc-mingw32/3.4.4/adainclude/a-comlin.ads
lib/gcc/i686-pc-mingw32/3.4.4/adainclude/a-cwila1.ads
lib/gcc/i686-pc-mingw32/3.4.4/adainclude/a-cwila9.ads
lib/gcc/i686-pc-mingw32/3.4.4/adainclude/a-decima.adb
lib/gcc/i686-pc-mingw32/3.4.4/adainclude/a-decima.ads
lib/gcc/i686-pc-mingw32/3.4.4/adainclude/a-diocst.adb
lib/gcc/i686-pc-mingw32/3.4.4/adainclude/a-diocst.ads
lib/gcc/i686-pc-mingw32/3.4.4/adainclude/a-direio.adb
lib/gcc/i686-pc-mingw32/3.4.4/adainclude/a-direio.ads
lib/gcc/i686-pc-mingw32/3.4.4/adainclude/a-dynpri.adb
lib/gcc/i686-pc-mingw32/3.4.4/adainclude/a-dynpri.ads
lib/gcc/i686-pc-mingw32/3.4.4/adainclude/a-einuoc.adb
lib/gcc/i686-pc-mingw32/3.4.4/adainclude/a-einuoc.ads
lib/gcc/i686-pc-mingw32/3.4.4/adainclude/a-elchha.adb
lib/gcc/i686-pc-mingw32/3.4.4/adainclude/a-elchha.ads
lib/gcc/i686-pc-mingw32/3.4.4/adainclude/a-excach.adb
lib/gcc/i686-pc-mingw32/3.4.4/adainclude/a-except.adb
lib/gcc/i686-pc-mingw32/3.4.4/adainclude/a-except.ads
lib/gcc/i686-pc-mingw32/3.4.4/adainclude/a-excpol.adb
lib/gcc/i686-pc-mingw32/3.4.4/adainclude/a-exctra.adb
lib/gcc/i686-pc-mingw32/3.4.4/adainclude/a-exctra.ads
lib/gcc/i686-pc-mingw32/3.4.4/adainclude/a-exexda.adb
lib/gcc/i686-pc-mingw32/3.4.4/adainclude/a-exexpr.adb
lib/gcc/i686-pc-mingw32/3.4.4/adainclude/a-exextr.adb
lib/gcc/i686-pc-mingw32/3.4.4/adainclude/a-exstat.adb
lib/gcc/i686-pc-mingw32/3.4.4/adainclude/a-filico.adb
lib/gcc/i686-pc-mingw32/3.4.4/adainclude/a-filico.ads
lib/gcc/i686-pc-mingw32/3.4.4/adainclude/a-finali.adb
lib/gcc/i686-pc-mingw32/3.4.4/adainclude/a-finali.ads
lib/gcc/i686-pc-mingw32/3.4.4/adainclude/a-flteio.ads
lib/gcc/i686-pc-mingw32/3.4.4/adainclude/a-fwteio.ads
lib/gcc/i686-pc-mingw32/3.4.4/adainclude/a-inteio.ads
lib/gcc/i686-pc-mingw32/3.4.4/adainclude/a-interr.adb
lib/gcc/i686-pc-mingw32/3.4.4/adainclude/a-interr.ads
lib/gcc/i686-pc-mingw32/3.4.4/adainclude/a-intnam.ads
lib/gcc/i686-pc-mingw32/3.4.4/adainclude/a-intsig.adb
lib/gcc/i686-pc-mingw32/3.4.4/adainclude/a-intsig.ads
lib/gcc/i686-pc-mingw32/3.4.4/adainclude/a-ioexce.ads
lib/gcc/i686-pc-mingw32/3.4.4/adainclude/a-iwteio.ads
lib/gcc/i686-pc-mingw32/3.4.4/adainclude/a-lfteio.ads
lib/gcc/i686-pc-mingw32/3.4.4/adainclude/a-lfwtio.ads
lib/gcc/i686-pc-mingw32/3.4.4/adainclude/a-liteio.ads
lib/gcc/i686-pc-mingw32/3.4.4/adainclude/a-liwtio.ads
lib/gcc/i686-pc-mingw32/3.4.4/adainclude/a-llftio.ads
lib/gcc/i686-pc-mingw32/3.4.4/adainclude/a-llfwti.ads
lib/gcc/i686-pc-mingw32/3.4.4/adainclude/a-llitio.ads
lib/gcc/i686-pc-mingw32/3.4.4/adainclude/a-lliwti.ads
lib/gcc/i686-pc-mingw32/3.4.4/adainclude/a-ncelfu.ads
lib/gcc/i686-pc-mingw32/3.4.4/adainclude/a-ngcefu.adb
lib/gcc/i686-pc-mingw32/3.4.4/adainclude/a-ngcefu.ads
lib/gcc/i686-pc-mingw32/3.4.4/adainclude/a-ngcoty.adb
lib/gcc/i686-pc-mingw32/3.4.4/adainclude/a-ngcoty.ads
lib/gcc/i686-pc-mingw32/3.4.4/adainclude/a-ngelfu.adb
lib/gcc/i686-pc-mingw32/3.4.4/adainclude/a-ngelfu.ads
lib/gcc/i686-pc-mingw32/3.4.4/adainclude/a-nlcefu.ads
lib/gcc/i686-pc-mingw32/3.4.4/adainclude/a-nlcoty.ads
lib/gcc/i686-pc-mingw32/3.4.4/adainclude/a-nlelfu.ads
lib/gcc/i686-pc-mingw32/3.4.4/adainclude/a-nllcef.ads
lib/gcc/i686-pc-mingw32/3.4.4/adainclude/a-nllcty.ads
lib/gcc/i686-pc-mingw32/3.4.4/adainclude/a-nllefu.ads
lib/gcc/i686-pc-mingw32/3.4.4/adainclude/a-nscefu.ads
lib/gcc/i686-pc-mingw32/3.4.4/adainclude/a-nscoty.ads
lib/gcc/i686-pc-mingw32/3.4.4/adainclude/a-nselfu.ads
lib/gcc/i686-pc-mingw32/3.4.4/adainclude/a-nucoty.ads
lib/gcc/i686-pc-mingw32/3.4.4/adainclude/a-nudira.adb
lib/gcc/i686-pc-mingw32/3.4.4/adainclude/a-nudira.ads
lib/gcc/i686-pc-mingw32/3.4.4/adainclude/a-nuelfu.ads
lib/gcc/i686-pc-mingw32/3.4.4/adainclude/a-nuflra.adb
lib/gcc/i686-pc-mingw32/3.4.4/adainclude/a-nuflra.ads
lib/gcc/i686-pc-mingw32/3.4.4/adainclude/a-numaux.adb
lib/gcc/i686-pc-mingw32/3.4.4/adainclude/a-numaux.ads
lib/gcc/i686-pc-mingw32/3.4.4/adainclude/a-numeri.ads
lib/gcc/i686-pc-mingw32/3.4.4/adainclude/a-reatim.adb
lib/gcc/i686-pc-mingw32/3.4.4/adainclude/a-reatim.ads
lib/gcc/i686-pc-mingw32/3.4.4/adainclude/a-retide.adb
lib/gcc/i686-pc-mingw32/3.4.4/adainclude/a-retide.ads
lib/gcc/i686-pc-mingw32/3.4.4/adainclude/a-sequio.adb
lib/gcc/i686-pc-mingw32/3.4.4/adainclude/a-sequio.ads
lib/gcc/i686-pc-mingw32/3.4.4/adainclude/a-sfteio.ads
lib/gcc/i686-pc-mingw32/3.4.4/adainclude/a-sfwtio.ads
lib/gcc/i686-pc-mingw32/3.4.4/adainclude/a-siocst.adb
lib/gcc/i686-pc-mingw32/3.4.4/adainclude/a-siocst.ads
lib/gcc/i686-pc-mingw32/3.4.4/adainclude/a-siteio.ads
lib/gcc/i686-pc-mingw32/3.4.4/adainclude/a-siwtio.ads
lib/gcc/i686-pc-mingw32/3.4.4/adainclude/a-ssicst.adb
lib/gcc/i686-pc-mingw32/3.4.4/adainclude/a-ssicst.ads
lib/gcc/i686-pc-mingw32/3.4.4/adainclude/a-ssitio.ads
lib/gcc/i686-pc-mingw32/3.4.4/adainclude/a-ssiwti.ads
lib/gcc/i686-pc-mingw32/3.4.4/adainclude/a-stmaco.ads
lib/gcc/i686-pc-mingw32/3.4.4/adainclude/a-storio.adb
lib/gcc/i686-pc-mingw32/3.4.4/adainclude/a-storio.ads
lib/gcc/i686-pc-mingw32/3.4.4/adainclude/a-strbou.adb
lib/gcc/i686-pc-mingw32/3.4.4/adainclude/a-strbou.ads
lib/gcc/i686-pc-mingw32/3.4.4/adainclude/a-stream.ads
lib/gcc/i686-pc-mingw32/3.4.4/adainclude/a-strfix.adb
lib/gcc/i686-pc-mingw32/3.4.4/adainclude/a-strfix.ads
lib/gcc/i686-pc-mingw32/3.4.4/adainclude/a-string.ads
lib/gcc/i686-pc-mingw32/3.4.4/adainclude/a-strmap.adb
lib/gcc/i686-pc-mingw32/3.4.4/adainclude/a-strmap.ads
lib/gcc/i686-pc-mingw32/3.4.4/adainclude/a-strsea.adb
lib/gcc/i686-pc-mingw32/3.4.4/adainclude/a-strsea.ads
lib/gcc/i686-pc-mingw32/3.4.4/adainclude/a-strsup.adb
lib/gcc/i686-pc-mingw32/3.4.4/adainclude/a-strsup.ads
lib/gcc/i686-pc-mingw32/3.4.4/adainclude/a-strunb.adb
lib/gcc/i686-pc-mingw32/3.4.4/adainclude/a-strunb.ads
lib/gcc/i686-pc-mingw32/3.4.4/adainclude/a-ststio.adb
lib/gcc/i686-pc-mingw32/3.4.4/adainclude/a-ststio.ads
lib/gcc/i686-pc-mingw32/3.4.4/adainclude/a-stunau.adb
lib/gcc/i686-pc-mingw32/3.4.4/adainclude/a-stunau.ads
lib/gcc/i686-pc-mingw32/3.4.4/adainclude/a-stwibo.adb
lib/gcc/i686-pc-mingw32/3.4.4/adainclude/a-stwibo.ads
lib/gcc/i686-pc-mingw32/3.4.4/adainclude/a-stwifi.adb
lib/gcc/i686-pc-mingw32/3.4.4/adainclude/a-stwifi.ads
lib/gcc/i686-pc-mingw32/3.4.4/adainclude/a-stwima.adb
lib/gcc/i686-pc-mingw32/3.4.4/adainclude/a-stwima.ads
lib/gcc/i686-pc-mingw32/3.4.4/adainclude/a-stwise.adb
lib/gcc/i686-pc-mingw32/3.4.4/adainclude/a-stwise.ads
lib/gcc/i686-pc-mingw32/3.4.4/adainclude/a-stwisu.adb
lib/gcc/i686-pc-mingw32/3.4.4/adainclude/a-stwisu.ads
lib/gcc/i686-pc-mingw32/3.4.4/adainclude/a-stwiun.adb
lib/gcc/i686-pc-mingw32/3.4.4/adainclude/a-stwiun.ads
lib/gcc/i686-pc-mingw32/3.4.4/adainclude/a-suteio.adb
lib/gcc/i686-pc-mingw32/3.4.4/adainclude/a-suteio.ads
lib/gcc/i686-pc-mingw32/3.4.4/adainclude/a-swmwco.ads
lib/gcc/i686-pc-mingw32/3.4.4/adainclude/a-swuwti.adb
lib/gcc/i686-pc-mingw32/3.4.4/adainclude/a-swuwti.ads
lib/gcc/i686-pc-mingw32/3.4.4/adainclude/a-sytaco.adb
lib/gcc/i686-pc-mingw32/3.4.4/adainclude/a-sytaco.ads
lib/gcc/i686-pc-mingw32/3.4.4/adainclude/a-tags.adb
lib/gcc/i686-pc-mingw32/3.4.4/adainclude/a-tags.ads
lib/gcc/i686-pc-mingw32/3.4.4/adainclude/a-tasatt.adb
lib/gcc/i686-pc-mingw32/3.4.4/adainclude/a-tasatt.ads
lib/gcc/i686-pc-mingw32/3.4.4/adainclude/a-taside.adb
lib/gcc/i686-pc-mingw32/3.4.4/adainclude/a-taside.ads
lib/gcc/i686-pc-mingw32/3.4.4/adainclude/a-teioed.adb
lib/gcc/i686-pc-mingw32/3.4.4/adainclude/a-teioed.ads
lib/gcc/i686-pc-mingw32/3.4.4/adainclude/a-textio.adb
lib/gcc/i686-pc-mingw32/3.4.4/adainclude/a-textio.ads
lib/gcc/i686-pc-mingw32/3.4.4/adainclude/a-ticoau.adb
lib/gcc/i686-pc-mingw32/3.4.4/adainclude/a-ticoau.ads
lib/gcc/i686-pc-mingw32/3.4.4/adainclude/a-ticoio.adb
lib/gcc/i686-pc-mingw32/3.4.4/adainclude/a-ticoio.ads
lib/gcc/i686-pc-mingw32/3.4.4/adainclude/a-tideau.adb
lib/gcc/i686-pc-mingw32/3.4.4/adainclude/a-tideau.ads
lib/gcc/i686-pc-mingw32/3.4.4/adainclude/a-tideio.adb
lib/gcc/i686-pc-mingw32/3.4.4/adainclude/a-tideio.ads
lib/gcc/i686-pc-mingw32/3.4.4/adainclude/a-tienau.adb
lib/gcc/i686-pc-mingw32/3.4.4/adainclude/a-tienau.ads
lib/gcc/i686-pc-mingw32/3.4.4/adainclude/a-tienio.adb
lib/gcc/i686-pc-mingw32/3.4.4/adainclude/a-tienio.ads
lib/gcc/i686-pc-mingw32/3.4.4/adainclude/a-tifiio.adb
lib/gcc/i686-pc-mingw32/3.4.4/adainclude/a-tifiio.ads
lib/gcc/i686-pc-mingw32/3.4.4/adainclude/a-tiflau.adb
lib/gcc/i686-pc-mingw32/3.4.4/adainclude/a-tiflau.ads
lib/gcc/i686-pc-mingw32/3.4.4/adainclude/a-tiflio.adb
lib/gcc/i686-pc-mingw32/3.4.4/adainclude/a-tiflio.ads
lib/gcc/i686-pc-mingw32/3.4.4/adainclude/a-tigeau.adb
lib/gcc/i686-pc-mingw32/3.4.4/adainclude/a-tigeau.ads
lib/gcc/i686-pc-mingw32/3.4.4/adainclude/a-tiinau.adb
lib/gcc/i686-pc-mingw32/3.4.4/adainclude/a-tiinau.ads
lib/gcc/i686-pc-mingw32/3.4.4/adainclude/a-tiinio.adb
lib/gcc/i686-pc-mingw32/3.4.4/adainclude/a-tiinio.ads
lib/gcc/i686-pc-mingw32/3.4.4/adainclude/a-timoau.adb
lib/gcc/i686-pc-mingw32/3.4.4/adainclude/a-timoau.ads
lib/gcc/i686-pc-mingw32/3.4.4/adainclude/a-timoio.adb
lib/gcc/i686-pc-mingw32/3.4.4/adainclude/a-timoio.ads
lib/gcc/i686-pc-mingw32/3.4.4/adainclude/a-tiocst.adb
lib/gcc/i686-pc-mingw32/3.4.4/adainclude/a-tiocst.ads
lib/gcc/i686-pc-mingw32/3.4.4/adainclude/a-titest.adb
lib/gcc/i686-pc-mingw32/3.4.4/adainclude/a-titest.ads
lib/gcc/i686-pc-mingw32/3.4.4/adainclude/a-unccon.ads
lib/gcc/i686-pc-mingw32/3.4.4/adainclude/a-uncdea.ads
lib/gcc/i686-pc-mingw32/3.4.4/adainclude/a-witeio.adb
lib/gcc/i686-pc-mingw32/3.4.4/adainclude/a-witeio.ads
lib/gcc/i686-pc-mingw32/3.4.4/adainclude/a-wtcoau.adb
lib/gcc/i686-pc-mingw32/3.4.4/adainclude/a-wtcoau.ads
lib/gcc/i686-pc-mingw32/3.4.4/adainclude/a-wtcoio.adb
lib/gcc/i686-pc-mingw32/3.4.4/adainclude/a-wtcoio.ads
lib/gcc/i686-pc-mingw32/3.4.4/adainclude/a-wtcstr.adb
lib/gcc/i686-pc-mingw32/3.4.4/adainclude/a-wtcstr.ads
lib/gcc/i686-pc-mingw32/3.4.4/adainclude/a-wtdeau.adb
lib/gcc/i686-pc-mingw32/3.4.4/adainclude/a-wtdeau.ads
lib/gcc/i686-pc-mingw32/3.4.4/adainclude/a-wtdeio.adb
lib/gcc/i686-pc-mingw32/3.4.4/adainclude/a-wtdeio.ads
lib/gcc/i686-pc-mingw32/3.4.4/adainclude/a-wtedit.adb
lib/gcc/i686-pc-mingw32/3.4.4/adainclude/a-wtedit.ads
lib/gcc/i686-pc-mingw32/3.4.4/adainclude/a-wtenau.adb
lib/gcc/i686-pc-mingw32/3.4.4/adainclude/a-wtenau.ads
lib/gcc/i686-pc-mingw32/3.4.4/adainclude/a-wtenio.adb
lib/gcc/i686-pc-mingw32/3.4.4/adainclude/a-wtenio.ads
lib/gcc/i686-pc-mingw32/3.4.4/adainclude/a-wtfiio.adb
lib/gcc/i686-pc-mingw32/3.4.4/adainclude/a-wtfiio.ads
lib/gcc/i686-pc-mingw32/3.4.4/adainclude/a-wtflau.adb
lib/gcc/i686-pc-mingw32/3.4.4/adainclude/a-wtflau.ads
lib/gcc/i686-pc-mingw32/3.4.4/adainclude/a-wtflio.adb
lib/gcc/i686-pc-mingw32/3.4.4/adainclude/a-wtflio.ads
lib/gcc/i686-pc-mingw32/3.4.4/adainclude/a-wtgeau.adb
lib/gcc/i686-pc-mingw32/3.4.4/adainclude/a-wtgeau.ads
lib/gcc/i686-pc-mingw32/3.4.4/adainclude/a-wtinau.adb
lib/gcc/i686-pc-mingw32/3.4.4/adainclude/a-wtinau.ads
lib/gcc/i686-pc-mingw32/3.4.4/adainclude/a-wtinio.adb
lib/gcc/i686-pc-mingw32/3.4.4/adainclude/a-wtinio.ads
lib/gcc/i686-pc-mingw32/3.4.4/adainclude/a-wtmoau.adb
lib/gcc/i686-pc-mingw32/3.4.4/adainclude/a-wtmoau.ads
lib/gcc/i686-pc-mingw32/3.4.4/adainclude/a-wtmoio.adb
lib/gcc/i686-pc-mingw32/3.4.4/adainclude/a-wtmoio.ads
lib/gcc/i686-pc-mingw32/3.4.4/adainclude/a-wttest.adb
lib/gcc/i686-pc-mingw32/3.4.4/adainclude/a-wttest.ads
lib/gcc/i686-pc-mingw32/3.4.4/adainclude/ada.ads
lib/gcc/i686-pc-mingw32/3.4.4/adainclude/calendar.ads
lib/gcc/i686-pc-mingw32/3.4.4/adainclude/directio.ads
lib/gcc/i686-pc-mingw32/3.4.4/adainclude/g-arrspl.adb
lib/gcc/i686-pc-mingw32/3.4.4/adainclude/g-arrspl.ads
lib/gcc/i686-pc-mingw32/3.4.4/adainclude/g-awk.adb
lib/gcc/i686-pc-mingw32/3.4.4/adainclude/g-awk.ads
lib/gcc/i686-pc-mingw32/3.4.4/adainclude/g-boubuf.adb
lib/gcc/i686-pc-mingw32/3.4.4/adainclude/g-boubuf.ads
lib/gcc/i686-pc-mingw32/3.4.4/adainclude/g-boumai.ads
lib/gcc/i686-pc-mingw32/3.4.4/adainclude/g-bubsor.adb
lib/gcc/i686-pc-mingw32/3.4.4/adainclude/g-bubsor.ads
lib/gcc/i686-pc-mingw32/3.4.4/adainclude/g-busora.adb
lib/gcc/i686-pc-mingw32/3.4.4/adainclude/g-busora.ads
lib/gcc/i686-pc-mingw32/3.4.4/adainclude/g-busorg.adb
lib/gcc/i686-pc-mingw32/3.4.4/adainclude/g-busorg.ads
lib/gcc/i686-pc-mingw32/3.4.4/adainclude/g-calend.adb
lib/gcc/i686-pc-mingw32/3.4.4/adainclude/g-calend.ads
lib/gcc/i686-pc-mingw32/3.4.4/adainclude/g-casuti.adb
lib/gcc/i686-pc-mingw32/3.4.4/adainclude/g-casuti.ads
lib/gcc/i686-pc-mingw32/3.4.4/adainclude/g-catiio.adb
lib/gcc/i686-pc-mingw32/3.4.4/adainclude/g-catiio.ads
lib/gcc/i686-pc-mingw32/3.4.4/adainclude/g-cgi.adb
lib/gcc/i686-pc-mingw32/3.4.4/adainclude/g-cgi.ads
lib/gcc/i686-pc-mingw32/3.4.4/adainclude/g-cgicoo.adb
lib/gcc/i686-pc-mingw32/3.4.4/adainclude/g-cgicoo.ads
lib/gcc/i686-pc-mingw32/3.4.4/adainclude/g-cgideb.adb
lib/gcc/i686-pc-mingw32/3.4.4/adainclude/g-cgideb.ads
lib/gcc/i686-pc-mingw32/3.4.4/adainclude/g-comlin.adb
lib/gcc/i686-pc-mingw32/3.4.4/adainclude/g-comlin.ads
lib/gcc/i686-pc-mingw32/3.4.4/adainclude/g-comver.adb
lib/gcc/i686-pc-mingw32/3.4.4/adainclude/g-comver.ads
lib/gcc/i686-pc-mingw32/3.4.4/adainclude/g-crc32.adb
lib/gcc/i686-pc-mingw32/3.4.4/adainclude/g-crc32.ads
lib/gcc/i686-pc-mingw32/3.4.4/adainclude/g-ctrl_c.ads
lib/gcc/i686-pc-mingw32/3.4.4/adainclude/g-curexc.ads
lib/gcc/i686-pc-mingw32/3.4.4/adainclude/g-debpoo.adb
lib/gcc/i686-pc-mingw32/3.4.4/adainclude/g-debpoo.ads
lib/gcc/i686-pc-mingw32/3.4.4/adainclude/g-debuti.adb
lib/gcc/i686-pc-mingw32/3.4.4/adainclude/g-debuti.ads
lib/gcc/i686-pc-mingw32/3.4.4/adainclude/g-diopit.adb
lib/gcc/i686-pc-mingw32/3.4.4/adainclude/g-diopit.ads
lib/gcc/i686-pc-mingw32/3.4.4/adainclude/g-dirope.adb
lib/gcc/i686-pc-mingw32/3.4.4/adainclude/g-dirope.ads
lib/gcc/i686-pc-mingw32/3.4.4/adainclude/g-dynhta.adb
lib/gcc/i686-pc-mingw32/3.4.4/adainclude/g-dynhta.ads
lib/gcc/i686-pc-mingw32/3.4.4/adainclude/g-dyntab.adb
lib/gcc/i686-pc-mingw32/3.4.4/adainclude/g-dyntab.ads
lib/gcc/i686-pc-mingw32/3.4.4/adainclude/g-eacodu.adb
lib/gcc/i686-pc-mingw32/3.4.4/adainclude/g-excact.adb
lib/gcc/i686-pc-mingw32/3.4.4/adainclude/g-excact.ads
lib/gcc/i686-pc-mingw32/3.4.4/adainclude/g-except.ads
lib/gcc/i686-pc-mingw32/3.4.4/adainclude/g-exctra.adb
lib/gcc/i686-pc-mingw32/3.4.4/adainclude/g-exctra.ads
lib/gcc/i686-pc-mingw32/3.4.4/adainclude/g-expect.adb
lib/gcc/i686-pc-mingw32/3.4.4/adainclude/g-expect.ads
lib/gcc/i686-pc-mingw32/3.4.4/adainclude/g-flocon.ads
lib/gcc/i686-pc-mingw32/3.4.4/adainclude/g-heasor.adb
lib/gcc/i686-pc-mingw32/3.4.4/adainclude/g-heasor.ads
lib/gcc/i686-pc-mingw32/3.4.4/adainclude/g-hesora.adb
lib/gcc/i686-pc-mingw32/3.4.4/adainclude/g-hesora.ads
lib/gcc/i686-pc-mingw32/3.4.4/adainclude/g-hesorg.adb
lib/gcc/i686-pc-mingw32/3.4.4/adainclude/g-hesorg.ads
lib/gcc/i686-pc-mingw32/3.4.4/adainclude/g-htable.adb
lib/gcc/i686-pc-mingw32/3.4.4/adainclude/g-htable.ads
lib/gcc/i686-pc-mingw32/3.4.4/adainclude/g-io.adb
lib/gcc/i686-pc-mingw32/3.4.4/adainclude/g-io.ads
lib/gcc/i686-pc-mingw32/3.4.4/adainclude/g-io_aux.adb
lib/gcc/i686-pc-mingw32/3.4.4/adainclude/g-io_aux.ads
lib/gcc/i686-pc-mingw32/3.4.4/adainclude/g-locfil.adb
lib/gcc/i686-pc-mingw32/3.4.4/adainclude/g-locfil.ads
lib/gcc/i686-pc-mingw32/3.4.4/adainclude/g-md5.adb
lib/gcc/i686-pc-mingw32/3.4.4/adainclude/g-md5.ads
lib/gcc/i686-pc-mingw32/3.4.4/adainclude/g-memdum.adb
lib/gcc/i686-pc-mingw32/3.4.4/adainclude/g-memdum.ads
lib/gcc/i686-pc-mingw32/3.4.4/adainclude/g-moreex.adb
lib/gcc/i686-pc-mingw32/3.4.4/adainclude/g-moreex.ads
lib/gcc/i686-pc-mingw32/3.4.4/adainclude/g-os_lib.adb
lib/gcc/i686-pc-mingw32/3.4.4/adainclude/g-os_lib.ads
lib/gcc/i686-pc-mingw32/3.4.4/adainclude/g-pehage.adb
lib/gcc/i686-pc-mingw32/3.4.4/adainclude/g-pehage.ads
lib/gcc/i686-pc-mingw32/3.4.4/adainclude/g-perhas.ads
lib/gcc/i686-pc-mingw32/3.4.4/adainclude/g-regexp.adb
lib/gcc/i686-pc-mingw32/3.4.4/adainclude/g-regexp.ads
lib/gcc/i686-pc-mingw32/3.4.4/adainclude/g-regist.adb
lib/gcc/i686-pc-mingw32/3.4.4/adainclude/g-regist.ads
lib/gcc/i686-pc-mingw32/3.4.4/adainclude/g-regpat.adb
lib/gcc/i686-pc-mingw32/3.4.4/adainclude/g-regpat.ads
lib/gcc/i686-pc-mingw32/3.4.4/adainclude/g-semaph.adb
lib/gcc/i686-pc-mingw32/3.4.4/adainclude/g-semaph.ads
lib/gcc/i686-pc-mingw32/3.4.4/adainclude/g-sestin.ads
lib/gcc/i686-pc-mingw32/3.4.4/adainclude/g-signal.adb
lib/gcc/i686-pc-mingw32/3.4.4/adainclude/g-signal.ads
lib/gcc/i686-pc-mingw32/3.4.4/adainclude/g-soccon.ads
lib/gcc/i686-pc-mingw32/3.4.4/adainclude/g-socket.adb
lib/gcc/i686-pc-mingw32/3.4.4/adainclude/g-socket.ads
lib/gcc/i686-pc-mingw32/3.4.4/adainclude/g-socthi.adb
lib/gcc/i686-pc-mingw32/3.4.4/adainclude/g-socthi.ads
lib/gcc/i686-pc-mingw32/3.4.4/adainclude/g-soliop.ads
lib/gcc/i686-pc-mingw32/3.4.4/adainclude/g-souinf.ads
lib/gcc/i686-pc-mingw32/3.4.4/adainclude/g-speche.adb
lib/gcc/i686-pc-mingw32/3.4.4/adainclude/g-speche.ads
lib/gcc/i686-pc-mingw32/3.4.4/adainclude/g-spipat.adb
lib/gcc/i686-pc-mingw32/3.4.4/adainclude/g-spipat.ads
lib/gcc/i686-pc-mingw32/3.4.4/adainclude/g-spitbo.adb
lib/gcc/i686-pc-mingw32/3.4.4/adainclude/g-spitbo.ads
lib/gcc/i686-pc-mingw32/3.4.4/adainclude/g-sptabo.ads
lib/gcc/i686-pc-mingw32/3.4.4/adainclude/g-sptain.ads
lib/gcc/i686-pc-mingw32/3.4.4/adainclude/g-sptavs.ads
lib/gcc/i686-pc-mingw32/3.4.4/adainclude/g-string.adb
lib/gcc/i686-pc-mingw32/3.4.4/adainclude/g-string.ads
lib/gcc/i686-pc-mingw32/3.4.4/adainclude/g-strspl.ads
lib/gcc/i686-pc-mingw32/3.4.4/adainclude/g-table.adb
lib/gcc/i686-pc-mingw32/3.4.4/adainclude/g-table.ads
lib/gcc/i686-pc-mingw32/3.4.4/adainclude/g-tasloc.adb
lib/gcc/i686-pc-mingw32/3.4.4/adainclude/g-tasloc.ads
lib/gcc/i686-pc-mingw32/3.4.4/adainclude/g-thread.adb
lib/gcc/i686-pc-mingw32/3.4.4/adainclude/g-thread.ads
lib/gcc/i686-pc-mingw32/3.4.4/adainclude/g-traceb.adb
lib/gcc/i686-pc-mingw32/3.4.4/adainclude/g-traceb.ads
lib/gcc/i686-pc-mingw32/3.4.4/adainclude/g-trasym.adb
lib/gcc/i686-pc-mingw32/3.4.4/adainclude/g-trasym.ads
lib/gcc/i686-pc-mingw32/3.4.4/adainclude/g-wistsp.ads
lib/gcc/i686-pc-mingw32/3.4.4/adainclude/gnat.ads
lib/gcc/i686-pc-mingw32/3.4.4/adainclude/i-c.adb
lib/gcc/i686-pc-mingw32/3.4.4/adainclude/i-c.ads
lib/gcc/i686-pc-mingw32/3.4.4/adainclude/i-cexten.ads
lib/gcc/i686-pc-mingw32/3.4.4/adainclude/i-cobol.adb
lib/gcc/i686-pc-mingw32/3.4.4/adainclude/i-cobol.ads
lib/gcc/i686-pc-mingw32/3.4.4/adainclude/i-cpoint.adb
lib/gcc/i686-pc-mingw32/3.4.4/adainclude/i-cpoint.ads
lib/gcc/i686-pc-mingw32/3.4.4/adainclude/i-cpp.adb
lib/gcc/i686-pc-mingw32/3.4.4/adainclude/i-cpp.ads
lib/gcc/i686-pc-mingw32/3.4.4/adainclude/i-cstrea.adb
lib/gcc/i686-pc-mingw32/3.4.4/adainclude/i-cstrea.ads
lib/gcc/i686-pc-mingw32/3.4.4/adainclude/i-cstrin.adb
lib/gcc/i686-pc-mingw32/3.4.4/adainclude/i-cstrin.ads
lib/gcc/i686-pc-mingw32/3.4.4/adainclude/i-fortra.adb
lib/gcc/i686-pc-mingw32/3.4.4/adainclude/i-fortra.ads
lib/gcc/i686-pc-mingw32/3.4.4/adainclude/i-os2err.ads
lib/gcc/i686-pc-mingw32/3.4.4/adainclude/i-os2lib.adb
lib/gcc/i686-pc-mingw32/3.4.4/adainclude/i-os2lib.ads
lib/gcc/i686-pc-mingw32/3.4.4/adainclude/i-os2syn.ads
lib/gcc/i686-pc-mingw32/3.4.4/adainclude/i-os2thr.ads
lib/gcc/i686-pc-mingw32/3.4.4/adainclude/i-pacdec.adb
lib/gcc/i686-pc-mingw32/3.4.4/adainclude/i-pacdec.ads
lib/gcc/i686-pc-mingw32/3.4.4/adainclude/i-vxwoio.adb
lib/gcc/i686-pc-mingw32/3.4.4/adainclude/i-vxwoio.ads
lib/gcc/i686-pc-mingw32/3.4.4/adainclude/i-vxwork.ads
lib/gcc/i686-pc-mingw32/3.4.4/adainclude/interfac.ads
lib/gcc/i686-pc-mingw32/3.4.4/adainclude/ioexcept.ads
lib/gcc/i686-pc-mingw32/3.4.4/adainclude/machcode.ads
lib/gcc/i686-pc-mingw32/3.4.4/adainclude/memtrack.adb
lib/gcc/i686-pc-mingw32/3.4.4/adainclude/s-addima.adb
lib/gcc/i686-pc-mingw32/3.4.4/adainclude/s-addima.ads
lib/gcc/i686-pc-mingw32/3.4.4/adainclude/s-arit64.adb
lib/gcc/i686-pc-mingw32/3.4.4/adainclude/s-arit64.ads
lib/gcc/i686-pc-mingw32/3.4.4/adainclude/s-assert.adb
lib/gcc/i686-pc-mingw32/3.4.4/adainclude/s-assert.ads
lib/gcc/i686-pc-mingw32/3.4.4/adainclude/s-asthan.adb
lib/gcc/i686-pc-mingw32/3.4.4/adainclude/s-asthan.ads
lib/gcc/i686-pc-mingw32/3.4.4/adainclude/s-atacco.adb
lib/gcc/i686-pc-mingw32/3.4.4/adainclude/s-atacco.ads
lib/gcc/i686-pc-mingw32/3.4.4/adainclude/s-auxdec.adb
lib/gcc/i686-pc-mingw32/3.4.4/adainclude/s-auxdec.ads
lib/gcc/i686-pc-mingw32/3.4.4/adainclude/s-bitops.adb
lib/gcc/i686-pc-mingw32/3.4.4/adainclude/s-bitops.ads
lib/gcc/i686-pc-mingw32/3.4.4/adainclude/s-boarop.ads
lib/gcc/i686-pc-mingw32/3.4.4/adainclude/s-carsi8.adb
lib/gcc/i686-pc-mingw32/3.4.4/adainclude/s-carsi8.ads
lib/gcc/i686-pc-mingw32/3.4.4/adainclude/s-carun8.adb
lib/gcc/i686-pc-mingw32/3.4.4/adainclude/s-carun8.ads
lib/gcc/i686-pc-mingw32/3.4.4/adainclude/s-casi16.adb
lib/gcc/i686-pc-mingw32/3.4.4/adainclude/s-casi16.ads
lib/gcc/i686-pc-mingw32/3.4.4/adainclude/s-casi32.adb
lib/gcc/i686-pc-mingw32/3.4.4/adainclude/s-casi32.ads
lib/gcc/i686-pc-mingw32/3.4.4/adainclude/s-casi64.adb
lib/gcc/i686-pc-mingw32/3.4.4/adainclude/s-casi64.ads
lib/gcc/i686-pc-mingw32/3.4.4/adainclude/s-casuti.adb
lib/gcc/i686-pc-mingw32/3.4.4/adainclude/s-casuti.ads
lib/gcc/i686-pc-mingw32/3.4.4/adainclude/s-caun16.adb
lib/gcc/i686-pc-mingw32/3.4.4/adainclude/s-caun16.ads
lib/gcc/i686-pc-mingw32/3.4.4/adainclude/s-caun32.adb
lib/gcc/i686-pc-mingw32/3.4.4/adainclude/s-caun32.ads
lib/gcc/i686-pc-mingw32/3.4.4/adainclude/s-caun64.adb
lib/gcc/i686-pc-mingw32/3.4.4/adainclude/s-caun64.ads
lib/gcc/i686-pc-mingw32/3.4.4/adainclude/s-chepoo.ads
lib/gcc/i686-pc-mingw32/3.4.4/adainclude/s-crc32.adb
lib/gcc/i686-pc-mingw32/3.4.4/adainclude/s-crc32.ads
lib/gcc/i686-pc-mingw32/3.4.4/adainclude/s-crtl.ads
lib/gcc/i686-pc-mingw32/3.4.4/adainclude/s-direio.adb
lib/gcc/i686-pc-mingw32/3.4.4/adainclude/s-direio.ads
lib/gcc/i686-pc-mingw32/3.4.4/adainclude/s-errrep.adb
lib/gcc/i686-pc-mingw32/3.4.4/adainclude/s-errrep.ads
lib/gcc/i686-pc-mingw32/3.4.4/adainclude/s-except.ads
lib/gcc/i686-pc-mingw32/3.4.4/adainclude/s-exctab.adb
lib/gcc/i686-pc-mingw32/3.4.4/adainclude/s-exctab.ads
lib/gcc/i686-pc-mingw32/3.4.4/adainclude/s-exnint.adb
lib/gcc/i686-pc-mingw32/3.4.4/adainclude/s-exnint.ads
lib/gcc/i686-pc-mingw32/3.4.4/adainclude/s-exnllf.adb
lib/gcc/i686-pc-mingw32/3.4.4/adainclude/s-exnllf.ads
lib/gcc/i686-pc-mingw32/3.4.4/adainclude/s-exnlli.adb
lib/gcc/i686-pc-mingw32/3.4.4/adainclude/s-exnlli.ads
lib/gcc/i686-pc-mingw32/3.4.4/adainclude/s-expint.adb
lib/gcc/i686-pc-mingw32/3.4.4/adainclude/s-expint.ads
lib/gcc/i686-pc-mingw32/3.4.4/adainclude/s-explli.adb
lib/gcc/i686-pc-mingw32/3.4.4/adainclude/s-explli.ads
lib/gcc/i686-pc-mingw32/3.4.4/adainclude/s-expllu.adb
lib/gcc/i686-pc-mingw32/3.4.4/adainclude/s-expllu.ads
lib/gcc/i686-pc-mingw32/3.4.4/adainclude/s-expmod.adb
lib/gcc/i686-pc-mingw32/3.4.4/adainclude/s-expmod.ads
lib/gcc/i686-pc-mingw32/3.4.4/adainclude/s-expuns.adb
lib/gcc/i686-pc-mingw32/3.4.4/adainclude/s-expuns.ads
lib/gcc/i686-pc-mingw32/3.4.4/adainclude/s-fatflt.ads
lib/gcc/i686-pc-mingw32/3.4.4/adainclude/s-fatgen.adb
lib/gcc/i686-pc-mingw32/3.4.4/adainclude/s-fatgen.ads
lib/gcc/i686-pc-mingw32/3.4.4/adainclude/s-fatlfl.ads
lib/gcc/i686-pc-mingw32/3.4.4/adainclude/s-fatllf.ads
lib/gcc/i686-pc-mingw32/3.4.4/adainclude/s-fatsfl.ads
lib/gcc/i686-pc-mingw32/3.4.4/adainclude/s-ficobl.ads
lib/gcc/i686-pc-mingw32/3.4.4/adainclude/s-fileio.adb
lib/gcc/i686-pc-mingw32/3.4.4/adainclude/s-fileio.ads
lib/gcc/i686-pc-mingw32/3.4.4/adainclude/s-finimp.adb
lib/gcc/i686-pc-mingw32/3.4.4/adainclude/s-finimp.ads
lib/gcc/i686-pc-mingw32/3.4.4/adainclude/s-finroo.adb
lib/gcc/i686-pc-mingw32/3.4.4/adainclude/s-finroo.ads
lib/gcc/i686-pc-mingw32/3.4.4/adainclude/s-fore.adb
lib/gcc/i686-pc-mingw32/3.4.4/adainclude/s-fore.ads
lib/gcc/i686-pc-mingw32/3.4.4/adainclude/s-geveop.adb
lib/gcc/i686-pc-mingw32/3.4.4/adainclude/s-geveop.ads
lib/gcc/i686-pc-mingw32/3.4.4/adainclude/s-gloloc.adb
lib/gcc/i686-pc-mingw32/3.4.4/adainclude/s-gloloc.ads
lib/gcc/i686-pc-mingw32/3.4.4/adainclude/s-hibaen.ads
lib/gcc/i686-pc-mingw32/3.4.4/adainclude/s-htable.adb
lib/gcc/i686-pc-mingw32/3.4.4/adainclude/s-htable.ads
lib/gcc/i686-pc-mingw32/3.4.4/adainclude/s-imgbiu.adb
lib/gcc/i686-pc-mingw32/3.4.4/adainclude/s-imgbiu.ads
lib/gcc/i686-pc-mingw32/3.4.4/adainclude/s-imgboo.adb
lib/gcc/i686-pc-mingw32/3.4.4/adainclude/s-imgboo.ads
lib/gcc/i686-pc-mingw32/3.4.4/adainclude/s-imgcha.adb
lib/gcc/i686-pc-mingw32/3.4.4/adainclude/s-imgcha.ads
lib/gcc/i686-pc-mingw32/3.4.4/adainclude/s-imgdec.adb
lib/gcc/i686-pc-mingw32/3.4.4/adainclude/s-imgdec.ads
lib/gcc/i686-pc-mingw32/3.4.4/adainclude/s-imgenu.adb
lib/gcc/i686-pc-mingw32/3.4.4/adainclude/s-imgenu.ads
lib/gcc/i686-pc-mingw32/3.4.4/adainclude/s-imgint.adb
lib/gcc/i686-pc-mingw32/3.4.4/adainclude/s-imgint.ads
lib/gcc/i686-pc-mingw32/3.4.4/adainclude/s-imgllb.adb
lib/gcc/i686-pc-mingw32/3.4.4/adainclude/s-imgllb.ads
lib/gcc/i686-pc-mingw32/3.4.4/adainclude/s-imglld.adb
lib/gcc/i686-pc-mingw32/3.4.4/adainclude/s-imglld.ads
lib/gcc/i686-pc-mingw32/3.4.4/adainclude/s-imglli.adb
lib/gcc/i686-pc-mingw32/3.4.4/adainclude/s-imglli.ads
lib/gcc/i686-pc-mingw32/3.4.4/adainclude/s-imgllu.adb
lib/gcc/i686-pc-mingw32/3.4.4/adainclude/s-imgllu.ads
lib/gcc/i686-pc-mingw32/3.4.4/adainclude/s-imgllw.adb
lib/gcc/i686-pc-mingw32/3.4.4/adainclude/s-imgllw.ads
lib/gcc/i686-pc-mingw32/3.4.4/adainclude/s-imgrea.adb
lib/gcc/i686-pc-mingw32/3.4.4/adainclude/s-imgrea.ads
lib/gcc/i686-pc-mingw32/3.4.4/adainclude/s-imguns.adb
lib/gcc/i686-pc-mingw32/3.4.4/adainclude/s-imguns.ads
lib/gcc/i686-pc-mingw32/3.4.4/adainclude/s-imgwch.adb
lib/gcc/i686-pc-mingw32/3.4.4/adainclude/s-imgwch.ads
lib/gcc/i686-pc-mingw32/3.4.4/adainclude/s-imgwiu.adb
lib/gcc/i686-pc-mingw32/3.4.4/adainclude/s-imgwiu.ads
lib/gcc/i686-pc-mingw32/3.4.4/adainclude/s-inmaop.adb
lib/gcc/i686-pc-mingw32/3.4.4/adainclude/s-inmaop.ads
lib/gcc/i686-pc-mingw32/3.4.4/adainclude/s-interr.adb
lib/gcc/i686-pc-mingw32/3.4.4/adainclude/s-interr.ads
lib/gcc/i686-pc-mingw32/3.4.4/adainclude/s-intman.adb
lib/gcc/i686-pc-mingw32/3.4.4/adainclude/s-intman.ads
lib/gcc/i686-pc-mingw32/3.4.4/adainclude/s-io.adb
lib/gcc/i686-pc-mingw32/3.4.4/adainclude/s-io.ads
lib/gcc/i686-pc-mingw32/3.4.4/adainclude/s-maccod.ads
lib/gcc/i686-pc-mingw32/3.4.4/adainclude/s-mantis.adb
lib/gcc/i686-pc-mingw32/3.4.4/adainclude/s-mantis.ads
lib/gcc/i686-pc-mingw32/3.4.4/adainclude/s-mastop.adb
lib/gcc/i686-pc-mingw32/3.4.4/adainclude/s-mastop.ads
lib/gcc/i686-pc-mingw32/3.4.4/adainclude/s-memcop.ads
lib/gcc/i686-pc-mingw32/3.4.4/adainclude/s-memory.adb
lib/gcc/i686-pc-mingw32/3.4.4/adainclude/s-memory.ads
lib/gcc/i686-pc-mingw32/3.4.4/adainclude/s-osinte.ads
lib/gcc/i686-pc-mingw32/3.4.4/adainclude/s-osprim.adb
lib/gcc/i686-pc-mingw32/3.4.4/adainclude/s-osprim.ads
lib/gcc/i686-pc-mingw32/3.4.4/adainclude/s-pack03.adb
lib/gcc/i686-pc-mingw32/3.4.4/adainclude/s-pack03.ads
lib/gcc/i686-pc-mingw32/3.4.4/adainclude/s-pack05.adb
lib/gcc/i686-pc-mingw32/3.4.4/adainclude/s-pack05.ads
lib/gcc/i686-pc-mingw32/3.4.4/adainclude/s-pack06.adb
lib/gcc/i686-pc-mingw32/3.4.4/adainclude/s-pack06.ads
lib/gcc/i686-pc-mingw32/3.4.4/adainclude/s-pack07.adb
lib/gcc/i686-pc-mingw32/3.4.4/adainclude/s-pack07.ads
lib/gcc/i686-pc-mingw32/3.4.4/adainclude/s-pack09.adb
lib/gcc/i686-pc-mingw32/3.4.4/adainclude/s-pack09.ads
lib/gcc/i686-pc-mingw32/3.4.4/adainclude/s-pack10.adb
lib/gcc/i686-pc-mingw32/3.4.4/adainclude/s-pack10.ads
lib/gcc/i686-pc-mingw32/3.4.4/adainclude/s-pack11.adb
lib/gcc/i686-pc-mingw32/3.4.4/adainclude/s-pack11.ads
lib/gcc/i686-pc-mingw32/3.4.4/adainclude/s-pack12.adb
lib/gcc/i686-pc-mingw32/3.4.4/adainclude/s-pack12.ads
lib/gcc/i686-pc-mingw32/3.4.4/adainclude/s-pack13.adb
lib/gcc/i686-pc-mingw32/3.4.4/adainclude/s-pack13.ads
lib/gcc/i686-pc-mingw32/3.4.4/adainclude/s-pack14.adb
lib/gcc/i686-pc-mingw32/3.4.4/adainclude/s-pack14.ads
lib/gcc/i686-pc-mingw32/3.4.4/adainclude/s-pack15.adb
lib/gcc/i686-pc-mingw32/3.4.4/adainclude/s-pack15.ads
lib/gcc/i686-pc-mingw32/3.4.4/adainclude/s-pack17.adb
lib/gcc/i686-pc-mingw32/3.4.4/adainclude/s-pack17.ads
lib/gcc/i686-pc-mingw32/3.4.4/adainclude/s-pack18.adb
lib/gcc/i686-pc-mingw32/3.4.4/adainclude/s-pack18.ads
lib/gcc/i686-pc-mingw32/3.4.4/adainclude/s-pack19.adb
lib/gcc/i686-pc-mingw32/3.4.4/adainclude/s-pack19.ads
lib/gcc/i686-pc-mingw32/3.4.4/adainclude/s-pack20.adb
lib/gcc/i686-pc-mingw32/3.4.4/adainclude/s-pack20.ads
lib/gcc/i686-pc-mingw32/3.4.4/adainclude/s-pack21.adb
lib/gcc/i686-pc-mingw32/3.4.4/adainclude/s-pack21.ads
lib/gcc/i686-pc-mingw32/3.4.4/adainclude/s-pack22.adb
lib/gcc/i686-pc-mingw32/3.4.4/adainclude/s-pack22.ads
lib/gcc/i686-pc-mingw32/3.4.4/adainclude/s-pack23.adb
lib/gcc/i686-pc-mingw32/3.4.4/adainclude/s-pack23.ads
lib/gcc/i686-pc-mingw32/3.4.4/adainclude/s-pack24.adb
lib/gcc/i686-pc-mingw32/3.4.4/adainclude/s-pack24.ads
lib/gcc/i686-pc-mingw32/3.4.4/adainclude/s-pack25.adb
lib/gcc/i686-pc-mingw32/3.4.4/adainclude/s-pack25.ads
lib/gcc/i686-pc-mingw32/3.4.4/adainclude/s-pack26.adb
lib/gcc/i686-pc-mingw32/3.4.4/adainclude/s-pack26.ads
lib/gcc/i686-pc-mingw32/3.4.4/adainclude/s-pack27.adb
lib/gcc/i686-pc-mingw32/3.4.4/adainclude/s-pack27.ads
lib/gcc/i686-pc-mingw32/3.4.4/adainclude/s-pack28.adb
lib/gcc/i686-pc-mingw32/3.4.4/adainclude/s-pack28.ads
lib/gcc/i686-pc-mingw32/3.4.4/adainclude/s-pack29.adb
lib/gcc/i686-pc-mingw32/3.4.4/adainclude/s-pack29.ads
lib/gcc/i686-pc-mingw32/3.4.4/adainclude/s-pack30.adb
lib/gcc/i686-pc-mingw32/3.4.4/adainclude/s-pack30.ads
lib/gcc/i686-pc-mingw32/3.4.4/adainclude/s-pack31.adb
lib/gcc/i686-pc-mingw32/3.4.4/adainclude/s-pack31.ads
lib/gcc/i686-pc-mingw32/3.4.4/adainclude/s-pack33.adb
lib/gcc/i686-pc-mingw32/3.4.4/adainclude/s-pack33.ads
lib/gcc/i686-pc-mingw32/3.4.4/adainclude/s-pack34.adb
lib/gcc/i686-pc-mingw32/3.4.4/adainclude/s-pack34.ads
lib/gcc/i686-pc-mingw32/3.4.4/adainclude/s-pack35.adb
lib/gcc/i686-pc-mingw32/3.4.4/adainclude/s-pack35.ads
lib/gcc/i686-pc-mingw32/3.4.4/adainclude/s-pack36.adb
lib/gcc/i686-pc-mingw32/3.4.4/adainclude/s-pack36.ads
lib/gcc/i686-pc-mingw32/3.4.4/adainclude/s-pack37.adb
lib/gcc/i686-pc-mingw32/3.4.4/adainclude/s-pack37.ads
lib/gcc/i686-pc-mingw32/3.4.4/adainclude/s-pack38.adb
lib/gcc/i686-pc-mingw32/3.4.4/adainclude/s-pack38.ads
lib/gcc/i686-pc-mingw32/3.4.4/adainclude/s-pack39.adb
lib/gcc/i686-pc-mingw32/3.4.4/adainclude/s-pack39.ads
lib/gcc/i686-pc-mingw32/3.4.4/adainclude/s-pack40.adb
lib/gcc/i686-pc-mingw32/3.4.4/adainclude/s-pack40.ads
lib/gcc/i686-pc-mingw32/3.4.4/adainclude/s-pack41.adb
lib/gcc/i686-pc-mingw32/3.4.4/adainclude/s-pack41.ads
lib/gcc/i686-pc-mingw32/3.4.4/adainclude/s-pack42.adb
lib/gcc/i686-pc-mingw32/3.4.4/adainclude/s-pack42.ads
lib/gcc/i686-pc-mingw32/3.4.4/adainclude/s-pack43.adb
lib/gcc/i686-pc-mingw32/3.4.4/adainclude/s-pack43.ads
lib/gcc/i686-pc-mingw32/3.4.4/adainclude/s-pack44.adb
lib/gcc/i686-pc-mingw32/3.4.4/adainclude/s-pack44.ads
lib/gcc/i686-pc-mingw32/3.4.4/adainclude/s-pack45.adb
lib/gcc/i686-pc-mingw32/3.4.4/adainclude/s-pack45.ads
lib/gcc/i686-pc-mingw32/3.4.4/adainclude/s-pack46.adb
lib/gcc/i686-pc-mingw32/3.4.4/adainclude/s-pack46.ads
lib/gcc/i686-pc-mingw32/3.4.4/adainclude/s-pack47.adb
lib/gcc/i686-pc-mingw32/3.4.4/adainclude/s-pack47.ads
lib/gcc/i686-pc-mingw32/3.4.4/adainclude/s-pack48.adb
lib/gcc/i686-pc-mingw32/3.4.4/adainclude/s-pack48.ads
lib/gcc/i686-pc-mingw32/3.4.4/adainclude/s-pack49.adb
lib/gcc/i686-pc-mingw32/3.4.4/adainclude/s-pack49.ads
lib/gcc/i686-pc-mingw32/3.4.4/adainclude/s-pack50.adb
lib/gcc/i686-pc-mingw32/3.4.4/adainclude/s-pack50.ads
lib/gcc/i686-pc-mingw32/3.4.4/adainclude/s-pack51.adb
lib/gcc/i686-pc-mingw32/3.4.4/adainclude/s-pack51.ads
lib/gcc/i686-pc-mingw32/3.4.4/adainclude/s-pack52.adb
lib/gcc/i686-pc-mingw32/3.4.4/adainclude/s-pack52.ads
lib/gcc/i686-pc-mingw32/3.4.4/adainclude/s-pack53.adb
lib/gcc/i686-pc-mingw32/3.4.4/adainclude/s-pack53.ads
lib/gcc/i686-pc-mingw32/3.4.4/adainclude/s-pack54.adb
lib/gcc/i686-pc-mingw32/3.4.4/adainclude/s-pack54.ads
lib/gcc/i686-pc-mingw32/3.4.4/adainclude/s-pack55.adb
lib/gcc/i686-pc-mingw32/3.4.4/adainclude/s-pack55.ads
lib/gcc/i686-pc-mingw32/3.4.4/adainclude/s-pack56.adb
lib/gcc/i686-pc-mingw32/3.4.4/adainclude/s-pack56.ads
lib/gcc/i686-pc-mingw32/3.4.4/adainclude/s-pack57.adb
lib/gcc/i686-pc-mingw32/3.4.4/adainclude/s-pack57.ads
lib/gcc/i686-pc-mingw32/3.4.4/adainclude/s-pack58.adb
lib/gcc/i686-pc-mingw32/3.4.4/adainclude/s-pack58.ads
lib/gcc/i686-pc-mingw32/3.4.4/adainclude/s-pack59.adb
lib/gcc/i686-pc-mingw32/3.4.4/adainclude/s-pack59.ads
lib/gcc/i686-pc-mingw32/3.4.4/adainclude/s-pack60.adb
lib/gcc/i686-pc-mingw32/3.4.4/adainclude/s-pack60.ads
lib/gcc/i686-pc-mingw32/3.4.4/adainclude/s-pack61.adb
lib/gcc/i686-pc-mingw32/3.4.4/adainclude/s-pack61.ads
lib/gcc/i686-pc-mingw32/3.4.4/adainclude/s-pack62.adb
lib/gcc/i686-pc-mingw32/3.4.4/adainclude/s-pack62.ads
lib/gcc/i686-pc-mingw32/3.4.4/adainclude/s-pack63.adb
lib/gcc/i686-pc-mingw32/3.4.4/adainclude/s-pack63.ads
lib/gcc/i686-pc-mingw32/3.4.4/adainclude/s-parame.adb
lib/gcc/i686-pc-mingw32/3.4.4/adainclude/s-parame.ads
lib/gcc/i686-pc-mingw32/3.4.4/adainclude/s-parint.adb
lib/gcc/i686-pc-mingw32/3.4.4/adainclude/s-parint.ads
lib/gcc/i686-pc-mingw32/3.4.4/adainclude/s-pooglo.adb
lib/gcc/i686-pc-mingw32/3.4.4/adainclude/s-pooglo.ads
lib/gcc/i686-pc-mingw32/3.4.4/adainclude/s-pooloc.adb
lib/gcc/i686-pc-mingw32/3.4.4/adainclude/s-pooloc.ads
lib/gcc/i686-pc-mingw32/3.4.4/adainclude/s-poosiz.adb
lib/gcc/i686-pc-mingw32/3.4.4/adainclude/s-poosiz.ads
lib/gcc/i686-pc-mingw32/3.4.4/adainclude/s-powtab.ads
lib/gcc/i686-pc-mingw32/3.4.4/adainclude/s-proinf.adb
lib/gcc/i686-pc-mingw32/3.4.4/adainclude/s-proinf.ads
lib/gcc/i686-pc-mingw32/3.4.4/adainclude/s-purexc.ads
lib/gcc/i686-pc-mingw32/3.4.4/adainclude/s-rident.ads
lib/gcc/i686-pc-mingw32/3.4.4/adainclude/s-rpc.adb
lib/gcc/i686-pc-mingw32/3.4.4/adainclude/s-rpc.ads
lib/gcc/i686-pc-mingw32/3.4.4/adainclude/s-scaval.adb
lib/gcc/i686-pc-mingw32/3.4.4/adainclude/s-scaval.ads
lib/gcc/i686-pc-mingw32/3.4.4/adainclude/s-secsta.adb
lib/gcc/i686-pc-mingw32/3.4.4/adainclude/s-secsta.ads
lib/gcc/i686-pc-mingw32/3.4.4/adainclude/s-sequio.adb
lib/gcc/i686-pc-mingw32/3.4.4/adainclude/s-sequio.ads
lib/gcc/i686-pc-mingw32/3.4.4/adainclude/s-shasto.adb
lib/gcc/i686-pc-mingw32/3.4.4/adainclude/s-shasto.ads
lib/gcc/i686-pc-mingw32/3.4.4/adainclude/s-soflin.adb
lib/gcc/i686-pc-mingw32/3.4.4/adainclude/s-soflin.ads
lib/gcc/i686-pc-mingw32/3.4.4/adainclude/s-sopco3.adb
lib/gcc/i686-pc-mingw32/3.4.4/adainclude/s-sopco3.ads
lib/gcc/i686-pc-mingw32/3.4.4/adainclude/s-sopco4.adb
lib/gcc/i686-pc-mingw32/3.4.4/adainclude/s-sopco4.ads
lib/gcc/i686-pc-mingw32/3.4.4/adainclude/s-sopco5.adb
lib/gcc/i686-pc-mingw32/3.4.4/adainclude/s-sopco5.ads
lib/gcc/i686-pc-mingw32/3.4.4/adainclude/s-stache.adb
lib/gcc/i686-pc-mingw32/3.4.4/adainclude/s-stache.ads
lib/gcc/i686-pc-mingw32/3.4.4/adainclude/s-stalib.adb
lib/gcc/i686-pc-mingw32/3.4.4/adainclude/s-stalib.ads
lib/gcc/i686-pc-mingw32/3.4.4/adainclude/s-stoele.adb
lib/gcc/i686-pc-mingw32/3.4.4/adainclude/s-stoele.ads
lib/gcc/i686-pc-mingw32/3.4.4/adainclude/s-stopoo.adb
lib/gcc/i686-pc-mingw32/3.4.4/adainclude/s-stopoo.ads
lib/gcc/i686-pc-mingw32/3.4.4/adainclude/s-stratt.adb
lib/gcc/i686-pc-mingw32/3.4.4/adainclude/s-stratt.ads
lib/gcc/i686-pc-mingw32/3.4.4/adainclude/s-strcom.adb
lib/gcc/i686-pc-mingw32/3.4.4/adainclude/s-strcom.ads
lib/gcc/i686-pc-mingw32/3.4.4/adainclude/s-strops.adb
lib/gcc/i686-pc-mingw32/3.4.4/adainclude/s-strops.ads
lib/gcc/i686-pc-mingw32/3.4.4/adainclude/s-strxdr.adb
lib/gcc/i686-pc-mingw32/3.4.4/adainclude/s-taasde.adb
lib/gcc/i686-pc-mingw32/3.4.4/adainclude/s-taasde.ads
lib/gcc/i686-pc-mingw32/3.4.4/adainclude/s-tadeca.adb
lib/gcc/i686-pc-mingw32/3.4.4/adainclude/s-tadeca.ads
lib/gcc/i686-pc-mingw32/3.4.4/adainclude/s-tadert.adb
lib/gcc/i686-pc-mingw32/3.4.4/adainclude/s-tadert.ads
lib/gcc/i686-pc-mingw32/3.4.4/adainclude/s-taenca.adb
lib/gcc/i686-pc-mingw32/3.4.4/adainclude/s-taenca.ads
lib/gcc/i686-pc-mingw32/3.4.4/adainclude/s-taprob.adb
lib/gcc/i686-pc-mingw32/3.4.4/adainclude/s-taprob.ads
lib/gcc/i686-pc-mingw32/3.4.4/adainclude/s-taprop.adb
lib/gcc/i686-pc-mingw32/3.4.4/adainclude/s-taprop.ads
lib/gcc/i686-pc-mingw32/3.4.4/adainclude/s-tarest.adb
lib/gcc/i686-pc-mingw32/3.4.4/adainclude/s-tarest.ads
lib/gcc/i686-pc-mingw32/3.4.4/adainclude/s-tasdeb.adb
lib/gcc/i686-pc-mingw32/3.4.4/adainclude/s-tasdeb.ads
lib/gcc/i686-pc-mingw32/3.4.4/adainclude/s-tasinf.adb
lib/gcc/i686-pc-mingw32/3.4.4/adainclude/s-tasinf.ads
lib/gcc/i686-pc-mingw32/3.4.4/adainclude/s-tasini.adb
lib/gcc/i686-pc-mingw32/3.4.4/adainclude/s-tasini.ads
lib/gcc/i686-pc-mingw32/3.4.4/adainclude/s-taskin.adb
lib/gcc/i686-pc-mingw32/3.4.4/adainclude/s-taskin.ads
lib/gcc/i686-pc-mingw32/3.4.4/adainclude/s-taspri.ads
lib/gcc/i686-pc-mingw32/3.4.4/adainclude/s-tasque.adb
lib/gcc/i686-pc-mingw32/3.4.4/adainclude/s-tasque.ads
lib/gcc/i686-pc-mingw32/3.4.4/adainclude/s-tasren.adb
lib/gcc/i686-pc-mingw32/3.4.4/adainclude/s-tasren.ads
lib/gcc/i686-pc-mingw32/3.4.4/adainclude/s-tasres.ads
lib/gcc/i686-pc-mingw32/3.4.4/adainclude/s-tassta.adb
lib/gcc/i686-pc-mingw32/3.4.4/adainclude/s-tassta.ads
lib/gcc/i686-pc-mingw32/3.4.4/adainclude/s-tasuti.adb
lib/gcc/i686-pc-mingw32/3.4.4/adainclude/s-tasuti.ads
lib/gcc/i686-pc-mingw32/3.4.4/adainclude/s-tataat.adb
lib/gcc/i686-pc-mingw32/3.4.4/adainclude/s-tataat.ads
lib/gcc/i686-pc-mingw32/3.4.4/adainclude/s-thread.adb
lib/gcc/i686-pc-mingw32/3.4.4/adainclude/s-thread.ads
lib/gcc/i686-pc-mingw32/3.4.4/adainclude/s-tpinop.adb
lib/gcc/i686-pc-mingw32/3.4.4/adainclude/s-tpinop.ads
lib/gcc/i686-pc-mingw32/3.4.4/adainclude/s-tpoben.adb
lib/gcc/i686-pc-mingw32/3.4.4/adainclude/s-tpoben.ads
lib/gcc/i686-pc-mingw32/3.4.4/adainclude/s-tpobop.adb
lib/gcc/i686-pc-mingw32/3.4.4/adainclude/s-tpobop.ads
lib/gcc/i686-pc-mingw32/3.4.4/adainclude/s-tporft.adb
lib/gcc/i686-pc-mingw32/3.4.4/adainclude/s-tposen.adb
lib/gcc/i686-pc-mingw32/3.4.4/adainclude/s-tposen.ads
lib/gcc/i686-pc-mingw32/3.4.4/adainclude/s-traceb.adb
lib/gcc/i686-pc-mingw32/3.4.4/adainclude/s-traceb.ads
lib/gcc/i686-pc-mingw32/3.4.4/adainclude/s-traces.adb
lib/gcc/i686-pc-mingw32/3.4.4/adainclude/s-traces.ads
lib/gcc/i686-pc-mingw32/3.4.4/adainclude/s-traent.adb
lib/gcc/i686-pc-mingw32/3.4.4/adainclude/s-traent.ads
lib/gcc/i686-pc-mingw32/3.4.4/adainclude/s-tratas.adb
lib/gcc/i686-pc-mingw32/3.4.4/adainclude/s-tratas.ads
lib/gcc/i686-pc-mingw32/3.4.4/adainclude/s-unstyp.ads
lib/gcc/i686-pc-mingw32/3.4.4/adainclude/s-vaflop.adb
lib/gcc/i686-pc-mingw32/3.4.4/adainclude/s-vaflop.ads
lib/gcc/i686-pc-mingw32/3.4.4/adainclude/s-valboo.adb
lib/gcc/i686-pc-mingw32/3.4.4/adainclude/s-valboo.ads
lib/gcc/i686-pc-mingw32/3.4.4/adainclude/s-valcha.adb
lib/gcc/i686-pc-mingw32/3.4.4/adainclude/s-valcha.ads
lib/gcc/i686-pc-mingw32/3.4.4/adainclude/s-valdec.adb
lib/gcc/i686-pc-mingw32/3.4.4/adainclude/s-valdec.ads
lib/gcc/i686-pc-mingw32/3.4.4/adainclude/s-valenu.adb
lib/gcc/i686-pc-mingw32/3.4.4/adainclude/s-valenu.ads
lib/gcc/i686-pc-mingw32/3.4.4/adainclude/s-valint.adb
lib/gcc/i686-pc-mingw32/3.4.4/adainclude/s-valint.ads
lib/gcc/i686-pc-mingw32/3.4.4/adainclude/s-vallld.adb
lib/gcc/i686-pc-mingw32/3.4.4/adainclude/s-vallld.ads
lib/gcc/i686-pc-mingw32/3.4.4/adainclude/s-vallli.adb
lib/gcc/i686-pc-mingw32/3.4.4/adainclude/s-vallli.ads
lib/gcc/i686-pc-mingw32/3.4.4/adainclude/s-valllu.adb
lib/gcc/i686-pc-mingw32/3.4.4/adainclude/s-valllu.ads
lib/gcc/i686-pc-mingw32/3.4.4/adainclude/s-valrea.adb
lib/gcc/i686-pc-mingw32/3.4.4/adainclude/s-valrea.ads
lib/gcc/i686-pc-mingw32/3.4.4/adainclude/s-valuns.adb
lib/gcc/i686-pc-mingw32/3.4.4/adainclude/s-valuns.ads
lib/gcc/i686-pc-mingw32/3.4.4/adainclude/s-valuti.adb
lib/gcc/i686-pc-mingw32/3.4.4/adainclude/s-valuti.ads
lib/gcc/i686-pc-mingw32/3.4.4/adainclude/s-valwch.adb
lib/gcc/i686-pc-mingw32/3.4.4/adainclude/s-valwch.ads
lib/gcc/i686-pc-mingw32/3.4.4/adainclude/s-veboop.adb
lib/gcc/i686-pc-mingw32/3.4.4/adainclude/s-veboop.ads
lib/gcc/i686-pc-mingw32/3.4.4/adainclude/s-vector.ads
lib/gcc/i686-pc-mingw32/3.4.4/adainclude/s-vercon.adb
lib/gcc/i686-pc-mingw32/3.4.4/adainclude/s-vercon.ads
lib/gcc/i686-pc-mingw32/3.4.4/adainclude/s-vmexta.adb
lib/gcc/i686-pc-mingw32/3.4.4/adainclude/s-vmexta.ads
lib/gcc/i686-pc-mingw32/3.4.4/adainclude/s-wchcnv.adb
lib/gcc/i686-pc-mingw32/3.4.4/adainclude/s-wchcnv.ads
lib/gcc/i686-pc-mingw32/3.4.4/adainclude/s-wchcon.ads
lib/gcc/i686-pc-mingw32/3.4.4/adainclude/s-wchjis.adb
lib/gcc/i686-pc-mingw32/3.4.4/adainclude/s-wchjis.ads
lib/gcc/i686-pc-mingw32/3.4.4/adainclude/s-wchstw.adb
lib/gcc/i686-pc-mingw32/3.4.4/adainclude/s-wchstw.ads
lib/gcc/i686-pc-mingw32/3.4.4/adainclude/s-wchwts.adb
lib/gcc/i686-pc-mingw32/3.4.4/adainclude/s-wchwts.ads
lib/gcc/i686-pc-mingw32/3.4.4/adainclude/s-widboo.adb
lib/gcc/i686-pc-mingw32/3.4.4/adainclude/s-widboo.ads
lib/gcc/i686-pc-mingw32/3.4.4/adainclude/s-widcha.adb
lib/gcc/i686-pc-mingw32/3.4.4/adainclude/s-widcha.ads
lib/gcc/i686-pc-mingw32/3.4.4/adainclude/s-widenu.adb
lib/gcc/i686-pc-mingw32/3.4.4/adainclude/s-widenu.ads
lib/gcc/i686-pc-mingw32/3.4.4/adainclude/s-widlli.adb
lib/gcc/i686-pc-mingw32/3.4.4/adainclude/s-widlli.ads
lib/gcc/i686-pc-mingw32/3.4.4/adainclude/s-widllu.adb
lib/gcc/i686-pc-mingw32/3.4.4/adainclude/s-widllu.ads
lib/gcc/i686-pc-mingw32/3.4.4/adainclude/s-widwch.adb
lib/gcc/i686-pc-mingw32/3.4.4/adainclude/s-widwch.ads
lib/gcc/i686-pc-mingw32/3.4.4/adainclude/s-wwdcha.adb
lib/gcc/i686-pc-mingw32/3.4.4/adainclude/s-wwdcha.ads
lib/gcc/i686-pc-mingw32/3.4.4/adainclude/s-wwdenu.adb
lib/gcc/i686-pc-mingw32/3.4.4/adainclude/s-wwdenu.ads
lib/gcc/i686-pc-mingw32/3.4.4/adainclude/s-wwdwch.adb
lib/gcc/i686-pc-mingw32/3.4.4/adainclude/s-wwdwch.ads
lib/gcc/i686-pc-mingw32/3.4.4/adainclude/sequenio.ads
lib/gcc/i686-pc-mingw32/3.4.4/adainclude/system.ads
lib/gcc/i686-pc-mingw32/3.4.4/adainclude/text_io.ads
lib/gcc/i686-pc-mingw32/3.4.4/adainclude/unchconv.ads
lib/gcc/i686-pc-mingw32/3.4.4/adainclude/unchdeal.ads
lib/gcc/i686-pc-mingw32/3.4.4/adalib/a-caldel.ali
lib/gcc/i686-pc-mingw32/3.4.4/adalib/a-calend.ali
lib/gcc/i686-pc-mingw32/3.4.4/adalib/a-chahan.ali
lib/gcc/i686-pc-mingw32/3.4.4/adalib/a-charac.ali
lib/gcc/i686-pc-mingw32/3.4.4/adalib/a-chlat1.ali
lib/gcc/i686-pc-mingw32/3.4.4/adalib/a-chlat9.ali
lib/gcc/i686-pc-mingw32/3.4.4/adalib/a-colien.ali
lib/gcc/i686-pc-mingw32/3.4.4/adalib/a-colire.ali
lib/gcc/i686-pc-mingw32/3.4.4/adalib/a-comlin.ali
lib/gcc/i686-pc-mingw32/3.4.4/adalib/a-cwila1.ali
lib/gcc/i686-pc-mingw32/3.4.4/adalib/a-cwila9.ali
lib/gcc/i686-pc-mingw32/3.4.4/adalib/a-decima.ali
lib/gcc/i686-pc-mingw32/3.4.4/adalib/a-diocst.ali
lib/gcc/i686-pc-mingw32/3.4.4/adalib/a-direio.ali
lib/gcc/i686-pc-mingw32/3.4.4/adalib/a-dynpri.ali
lib/gcc/i686-pc-mingw32/3.4.4/adalib/a-einuoc.ali
lib/gcc/i686-pc-mingw32/3.4.4/adalib/a-elchha.ali
lib/gcc/i686-pc-mingw32/3.4.4/adalib/a-except.ali
lib/gcc/i686-pc-mingw32/3.4.4/adalib/a-exctra.ali
lib/gcc/i686-pc-mingw32/3.4.4/adalib/a-filico.ali
lib/gcc/i686-pc-mingw32/3.4.4/adalib/a-finali.ali
lib/gcc/i686-pc-mingw32/3.4.4/adalib/a-flteio.ali
lib/gcc/i686-pc-mingw32/3.4.4/adalib/a-fwteio.ali
lib/gcc/i686-pc-mingw32/3.4.4/adalib/a-inteio.ali
lib/gcc/i686-pc-mingw32/3.4.4/adalib/a-interr.ali
lib/gcc/i686-pc-mingw32/3.4.4/adalib/a-intnam.ali
lib/gcc/i686-pc-mingw32/3.4.4/adalib/a-intsig.ali
lib/gcc/i686-pc-mingw32/3.4.4/adalib/a-ioexce.ali
lib/gcc/i686-pc-mingw32/3.4.4/adalib/a-iwteio.ali
lib/gcc/i686-pc-mingw32/3.4.4/adalib/a-lfteio.ali
lib/gcc/i686-pc-mingw32/3.4.4/adalib/a-lfwtio.ali
lib/gcc/i686-pc-mingw32/3.4.4/adalib/a-liteio.ali
lib/gcc/i686-pc-mingw32/3.4.4/adalib/a-liwtio.ali
lib/gcc/i686-pc-mingw32/3.4.4/adalib/a-llftio.ali
lib/gcc/i686-pc-mingw32/3.4.4/adalib/a-llfwti.ali
lib/gcc/i686-pc-mingw32/3.4.4/adalib/a-llitio.ali
lib/gcc/i686-pc-mingw32/3.4.4/adalib/a-lliwti.ali
lib/gcc/i686-pc-mingw32/3.4.4/adalib/a-ncelfu.ali
lib/gcc/i686-pc-mingw32/3.4.4/adalib/a-ngcefu.ali
lib/gcc/i686-pc-mingw32/3.4.4/adalib/a-ngcoty.ali
lib/gcc/i686-pc-mingw32/3.4.4/adalib/a-ngelfu.ali
lib/gcc/i686-pc-mingw32/3.4.4/adalib/a-nlcefu.ali
lib/gcc/i686-pc-mingw32/3.4.4/adalib/a-nlcoty.ali
lib/gcc/i686-pc-mingw32/3.4.4/adalib/a-nlelfu.ali
lib/gcc/i686-pc-mingw32/3.4.4/adalib/a-nllcef.ali
lib/gcc/i686-pc-mingw32/3.4.4/adalib/a-nllcty.ali
lib/gcc/i686-pc-mingw32/3.4.4/adalib/a-nllefu.ali
lib/gcc/i686-pc-mingw32/3.4.4/adalib/a-nscefu.ali
lib/gcc/i686-pc-mingw32/3.4.4/adalib/a-nscoty.ali
lib/gcc/i686-pc-mingw32/3.4.4/adalib/a-nselfu.ali
lib/gcc/i686-pc-mingw32/3.4.4/adalib/a-nucoty.ali
lib/gcc/i686-pc-mingw32/3.4.4/adalib/a-nudira.ali
lib/gcc/i686-pc-mingw32/3.4.4/adalib/a-nuelfu.ali
lib/gcc/i686-pc-mingw32/3.4.4/adalib/a-nuflra.ali
lib/gcc/i686-pc-mingw32/3.4.4/adalib/a-numaux.ali
lib/gcc/i686-pc-mingw32/3.4.4/adalib/a-numeri.ali
lib/gcc/i686-pc-mingw32/3.4.4/adalib/a-reatim.ali
lib/gcc/i686-pc-mingw32/3.4.4/adalib/a-retide.ali
lib/gcc/i686-pc-mingw32/3.4.4/adalib/a-sequio.ali
lib/gcc/i686-pc-mingw32/3.4.4/adalib/a-sfteio.ali
lib/gcc/i686-pc-mingw32/3.4.4/adalib/a-sfwtio.ali
lib/gcc/i686-pc-mingw32/3.4.4/adalib/a-siocst.ali
lib/gcc/i686-pc-mingw32/3.4.4/adalib/a-siteio.ali
lib/gcc/i686-pc-mingw32/3.4.4/adalib/a-siwtio.ali
lib/gcc/i686-pc-mingw32/3.4.4/adalib/a-ssicst.ali
lib/gcc/i686-pc-mingw32/3.4.4/adalib/a-ssitio.ali
lib/gcc/i686-pc-mingw32/3.4.4/adalib/a-ssiwti.ali
lib/gcc/i686-pc-mingw32/3.4.4/adalib/a-stmaco.ali
lib/gcc/i686-pc-mingw32/3.4.4/adalib/a-storio.ali
lib/gcc/i686-pc-mingw32/3.4.4/adalib/a-strbou.ali
lib/gcc/i686-pc-mingw32/3.4.4/adalib/a-stream.ali
lib/gcc/i686-pc-mingw32/3.4.4/adalib/a-strfix.ali
lib/gcc/i686-pc-mingw32/3.4.4/adalib/a-string.ali
lib/gcc/i686-pc-mingw32/3.4.4/adalib/a-strmap.ali
lib/gcc/i686-pc-mingw32/3.4.4/adalib/a-strsea.ali
lib/gcc/i686-pc-mingw32/3.4.4/adalib/a-strsup.ali
lib/gcc/i686-pc-mingw32/3.4.4/adalib/a-strunb.ali
lib/gcc/i686-pc-mingw32/3.4.4/adalib/a-ststio.ali
lib/gcc/i686-pc-mingw32/3.4.4/adalib/a-stunau.ali
lib/gcc/i686-pc-mingw32/3.4.4/adalib/a-stwibo.ali
lib/gcc/i686-pc-mingw32/3.4.4/adalib/a-stwifi.ali
lib/gcc/i686-pc-mingw32/3.4.4/adalib/a-stwima.ali
lib/gcc/i686-pc-mingw32/3.4.4/adalib/a-stwise.ali
lib/gcc/i686-pc-mingw32/3.4.4/adalib/a-stwisu.ali
lib/gcc/i686-pc-mingw32/3.4.4/adalib/a-stwiun.ali
lib/gcc/i686-pc-mingw32/3.4.4/adalib/a-suteio.ali
lib/gcc/i686-pc-mingw32/3.4.4/adalib/a-swmwco.ali
lib/gcc/i686-pc-mingw32/3.4.4/adalib/a-swuwti.ali
lib/gcc/i686-pc-mingw32/3.4.4/adalib/a-sytaco.ali
lib/gcc/i686-pc-mingw32/3.4.4/adalib/a-tags.ali
lib/gcc/i686-pc-mingw32/3.4.4/adalib/a-tasatt.ali
lib/gcc/i686-pc-mingw32/3.4.4/adalib/a-taside.ali
lib/gcc/i686-pc-mingw32/3.4.4/adalib/a-teioed.ali
lib/gcc/i686-pc-mingw32/3.4.4/adalib/a-textio.ali
lib/gcc/i686-pc-mingw32/3.4.4/adalib/a-ticoau.ali
lib/gcc/i686-pc-mingw32/3.4.4/adalib/a-ticoio.ali
lib/gcc/i686-pc-mingw32/3.4.4/adalib/a-tideau.ali
lib/gcc/i686-pc-mingw32/3.4.4/adalib/a-tideio.ali
lib/gcc/i686-pc-mingw32/3.4.4/adalib/a-tienau.ali
lib/gcc/i686-pc-mingw32/3.4.4/adalib/a-tienio.ali
lib/gcc/i686-pc-mingw32/3.4.4/adalib/a-tifiio.ali
lib/gcc/i686-pc-mingw32/3.4.4/adalib/a-tiflau.ali
lib/gcc/i686-pc-mingw32/3.4.4/adalib/a-tiflio.ali
lib/gcc/i686-pc-mingw32/3.4.4/adalib/a-tigeau.ali
lib/gcc/i686-pc-mingw32/3.4.4/adalib/a-tiinau.ali
lib/gcc/i686-pc-mingw32/3.4.4/adalib/a-tiinio.ali
lib/gcc/i686-pc-mingw32/3.4.4/adalib/a-timoau.ali
lib/gcc/i686-pc-mingw32/3.4.4/adalib/a-timoio.ali
lib/gcc/i686-pc-mingw32/3.4.4/adalib/a-tiocst.ali
lib/gcc/i686-pc-mingw32/3.4.4/adalib/a-titest.ali
lib/gcc/i686-pc-mingw32/3.4.4/adalib/a-unccon.ali
lib/gcc/i686-pc-mingw32/3.4.4/adalib/a-uncdea.ali
lib/gcc/i686-pc-mingw32/3.4.4/adalib/a-witeio.ali
lib/gcc/i686-pc-mingw32/3.4.4/adalib/a-wtcoau.ali
lib/gcc/i686-pc-mingw32/3.4.4/adalib/a-wtcoio.ali
lib/gcc/i686-pc-mingw32/3.4.4/adalib/a-wtcstr.ali
lib/gcc/i686-pc-mingw32/3.4.4/adalib/a-wtdeau.ali
lib/gcc/i686-pc-mingw32/3.4.4/adalib/a-wtdeio.ali
lib/gcc/i686-pc-mingw32/3.4.4/adalib/a-wtedit.ali
lib/gcc/i686-pc-mingw32/3.4.4/adalib/a-wtenau.ali
lib/gcc/i686-pc-mingw32/3.4.4/adalib/a-wtenio.ali
lib/gcc/i686-pc-mingw32/3.4.4/adalib/a-wtfiio.ali
lib/gcc/i686-pc-mingw32/3.4.4/adalib/a-wtflau.ali
lib/gcc/i686-pc-mingw32/3.4.4/adalib/a-wtflio.ali
lib/gcc/i686-pc-mingw32/3.4.4/adalib/a-wtgeau.ali
lib/gcc/i686-pc-mingw32/3.4.4/adalib/a-wtinau.ali
lib/gcc/i686-pc-mingw32/3.4.4/adalib/a-wtinio.ali
lib/gcc/i686-pc-mingw32/3.4.4/adalib/a-wtmoau.ali
lib/gcc/i686-pc-mingw32/3.4.4/adalib/a-wtmoio.ali
lib/gcc/i686-pc-mingw32/3.4.4/adalib/a-wttest.ali
lib/gcc/i686-pc-mingw32/3.4.4/adalib/ada.ali
lib/gcc/i686-pc-mingw32/3.4.4/adalib/calendar.ali
lib/gcc/i686-pc-mingw32/3.4.4/adalib/g-arrspl.ali
lib/gcc/i686-pc-mingw32/3.4.4/adalib/g-awk.ali
lib/gcc/i686-pc-mingw32/3.4.4/adalib/g-boubuf.ali
lib/gcc/i686-pc-mingw32/3.4.4/adalib/g-boumai.ali
lib/gcc/i686-pc-mingw32/3.4.4/adalib/g-bubsor.ali
lib/gcc/i686-pc-mingw32/3.4.4/adalib/g-busora.ali
lib/gcc/i686-pc-mingw32/3.4.4/adalib/g-busorg.ali
lib/gcc/i686-pc-mingw32/3.4.4/adalib/g-calend.ali
lib/gcc/i686-pc-mingw32/3.4.4/adalib/g-casuti.ali
lib/gcc/i686-pc-mingw32/3.4.4/adalib/g-catiio.ali
lib/gcc/i686-pc-mingw32/3.4.4/adalib/g-cgi.ali
lib/gcc/i686-pc-mingw32/3.4.4/adalib/g-cgicoo.ali
lib/gcc/i686-pc-mingw32/3.4.4/adalib/g-cgideb.ali
lib/gcc/i686-pc-mingw32/3.4.4/adalib/g-comlin.ali
lib/gcc/i686-pc-mingw32/3.4.4/adalib/g-comver.ali
lib/gcc/i686-pc-mingw32/3.4.4/adalib/g-crc32.ali
lib/gcc/i686-pc-mingw32/3.4.4/adalib/g-ctrl_c.ali
lib/gcc/i686-pc-mingw32/3.4.4/adalib/g-curexc.ali
lib/gcc/i686-pc-mingw32/3.4.4/adalib/g-debpoo.ali
lib/gcc/i686-pc-mingw32/3.4.4/adalib/g-debuti.ali
lib/gcc/i686-pc-mingw32/3.4.4/adalib/g-diopit.ali
lib/gcc/i686-pc-mingw32/3.4.4/adalib/g-dirope.ali
lib/gcc/i686-pc-mingw32/3.4.4/adalib/g-dyntab.ali
lib/gcc/i686-pc-mingw32/3.4.4/adalib/g-excact.ali
lib/gcc/i686-pc-mingw32/3.4.4/adalib/g-except.ali
lib/gcc/i686-pc-mingw32/3.4.4/adalib/g-exctra.ali
lib/gcc/i686-pc-mingw32/3.4.4/adalib/g-expect.ali
lib/gcc/i686-pc-mingw32/3.4.4/adalib/g-flocon.ali
lib/gcc/i686-pc-mingw32/3.4.4/adalib/g-heasor.ali
lib/gcc/i686-pc-mingw32/3.4.4/adalib/g-hesora.ali
lib/gcc/i686-pc-mingw32/3.4.4/adalib/g-hesorg.ali
lib/gcc/i686-pc-mingw32/3.4.4/adalib/g-htable.ali
lib/gcc/i686-pc-mingw32/3.4.4/adalib/g-io.ali
lib/gcc/i686-pc-mingw32/3.4.4/adalib/g-io_aux.ali
lib/gcc/i686-pc-mingw32/3.4.4/adalib/g-locfil.ali
lib/gcc/i686-pc-mingw32/3.4.4/adalib/g-md5.ali
lib/gcc/i686-pc-mingw32/3.4.4/adalib/g-memdum.ali
lib/gcc/i686-pc-mingw32/3.4.4/adalib/g-moreex.ali
lib/gcc/i686-pc-mingw32/3.4.4/adalib/g-os_lib.ali
lib/gcc/i686-pc-mingw32/3.4.4/adalib/g-pehage.ali
lib/gcc/i686-pc-mingw32/3.4.4/adalib/g-perhas.ali
lib/gcc/i686-pc-mingw32/3.4.4/adalib/g-regexp.ali
lib/gcc/i686-pc-mingw32/3.4.4/adalib/g-regist.ali
lib/gcc/i686-pc-mingw32/3.4.4/adalib/g-regpat.ali
lib/gcc/i686-pc-mingw32/3.4.4/adalib/g-semaph.ali
lib/gcc/i686-pc-mingw32/3.4.4/adalib/g-sestin.ali
lib/gcc/i686-pc-mingw32/3.4.4/adalib/g-signal.ali
lib/gcc/i686-pc-mingw32/3.4.4/adalib/g-soccon.ali
lib/gcc/i686-pc-mingw32/3.4.4/adalib/g-socket.ali
lib/gcc/i686-pc-mingw32/3.4.4/adalib/g-socthi.ali
lib/gcc/i686-pc-mingw32/3.4.4/adalib/g-soliop.ali
lib/gcc/i686-pc-mingw32/3.4.4/adalib/g-souinf.ali
lib/gcc/i686-pc-mingw32/3.4.4/adalib/g-speche.ali
lib/gcc/i686-pc-mingw32/3.4.4/adalib/g-spipat.ali
lib/gcc/i686-pc-mingw32/3.4.4/adalib/g-spitbo.ali
lib/gcc/i686-pc-mingw32/3.4.4/adalib/g-sptabo.ali
lib/gcc/i686-pc-mingw32/3.4.4/adalib/g-sptain.ali
lib/gcc/i686-pc-mingw32/3.4.4/adalib/g-sptavs.ali
lib/gcc/i686-pc-mingw32/3.4.4/adalib/g-string.ali
lib/gcc/i686-pc-mingw32/3.4.4/adalib/g-strspl.ali
lib/gcc/i686-pc-mingw32/3.4.4/adalib/g-table.ali
lib/gcc/i686-pc-mingw32/3.4.4/adalib/g-tasloc.ali
lib/gcc/i686-pc-mingw32/3.4.4/adalib/g-thread.ali
lib/gcc/i686-pc-mingw32/3.4.4/adalib/g-traceb.ali
lib/gcc/i686-pc-mingw32/3.4.4/adalib/g-trasym.ali
lib/gcc/i686-pc-mingw32/3.4.4/adalib/g-trasym.o
lib/gcc/i686-pc-mingw32/3.4.4/adalib/g-wistsp.ali
lib/gcc/i686-pc-mingw32/3.4.4/adalib/gnat.ali
lib/gcc/i686-pc-mingw32/3.4.4/adalib/i-c.ali
lib/gcc/i686-pc-mingw32/3.4.4/adalib/i-cexten.ali
lib/gcc/i686-pc-mingw32/3.4.4/adalib/i-cobol.ali
lib/gcc/i686-pc-mingw32/3.4.4/adalib/i-cpoint.ali
lib/gcc/i686-pc-mingw32/3.4.4/adalib/i-cpp.ali
lib/gcc/i686-pc-mingw32/3.4.4/adalib/i-cstrea.ali
lib/gcc/i686-pc-mingw32/3.4.4/adalib/i-cstrin.ali
lib/gcc/i686-pc-mingw32/3.4.4/adalib/i-fortra.ali
lib/gcc/i686-pc-mingw32/3.4.4/adalib/i-pacdec.ali
lib/gcc/i686-pc-mingw32/3.4.4/adalib/interfac.ali
lib/gcc/i686-pc-mingw32/3.4.4/adalib/ioexcept.ali
lib/gcc/i686-pc-mingw32/3.4.4/adalib/libgccprefix.a
lib/gcc/i686-pc-mingw32/3.4.4/adalib/libgmem.a
lib/gcc/i686-pc-mingw32/3.4.4/adalib/libgnarl.a
lib/gcc/i686-pc-mingw32/3.4.4/adalib/libgnat.a
lib/gcc/i686-pc-mingw32/3.4.4/adalib/machcode.ali
lib/gcc/i686-pc-mingw32/3.4.4/adalib/memtrack.ali
lib/gcc/i686-pc-mingw32/3.4.4/adalib/s-addima.ali
lib/gcc/i686-pc-mingw32/3.4.4/adalib/s-arit64.ali
lib/gcc/i686-pc-mingw32/3.4.4/adalib/s-assert.ali
lib/gcc/i686-pc-mingw32/3.4.4/adalib/s-asthan.ali
lib/gcc/i686-pc-mingw32/3.4.4/adalib/s-atacco.ali
lib/gcc/i686-pc-mingw32/3.4.4/adalib/s-auxdec.ali
lib/gcc/i686-pc-mingw32/3.4.4/adalib/s-bitops.ali
lib/gcc/i686-pc-mingw32/3.4.4/adalib/s-boarop.ali
lib/gcc/i686-pc-mingw32/3.4.4/adalib/s-carsi8.ali
lib/gcc/i686-pc-mingw32/3.4.4/adalib/s-carun8.ali
lib/gcc/i686-pc-mingw32/3.4.4/adalib/s-casi16.ali
lib/gcc/i686-pc-mingw32/3.4.4/adalib/s-casi32.ali
lib/gcc/i686-pc-mingw32/3.4.4/adalib/s-casi64.ali
lib/gcc/i686-pc-mingw32/3.4.4/adalib/s-casuti.ali
lib/gcc/i686-pc-mingw32/3.4.4/adalib/s-caun16.ali
lib/gcc/i686-pc-mingw32/3.4.4/adalib/s-caun32.ali
lib/gcc/i686-pc-mingw32/3.4.4/adalib/s-caun64.ali
lib/gcc/i686-pc-mingw32/3.4.4/adalib/s-chepoo.ali
lib/gcc/i686-pc-mingw32/3.4.4/adalib/s-crc32.ali
lib/gcc/i686-pc-mingw32/3.4.4/adalib/s-crtl.ali
lib/gcc/i686-pc-mingw32/3.4.4/adalib/s-direio.ali
lib/gcc/i686-pc-mingw32/3.4.4/adalib/s-errrep.ali
lib/gcc/i686-pc-mingw32/3.4.4/adalib/s-except.ali
lib/gcc/i686-pc-mingw32/3.4.4/adalib/s-exctab.ali
lib/gcc/i686-pc-mingw32/3.4.4/adalib/s-exnint.ali
lib/gcc/i686-pc-mingw32/3.4.4/adalib/s-exnllf.ali
lib/gcc/i686-pc-mingw32/3.4.4/adalib/s-exnlli.ali
lib/gcc/i686-pc-mingw32/3.4.4/adalib/s-expint.ali
lib/gcc/i686-pc-mingw32/3.4.4/adalib/s-explli.ali
lib/gcc/i686-pc-mingw32/3.4.4/adalib/s-expllu.ali
lib/gcc/i686-pc-mingw32/3.4.4/adalib/s-expmod.ali
lib/gcc/i686-pc-mingw32/3.4.4/adalib/s-expuns.ali
lib/gcc/i686-pc-mingw32/3.4.4/adalib/s-fatflt.ali
lib/gcc/i686-pc-mingw32/3.4.4/adalib/s-fatgen.ali
lib/gcc/i686-pc-mingw32/3.4.4/adalib/s-fatlfl.ali
lib/gcc/i686-pc-mingw32/3.4.4/adalib/s-fatllf.ali
lib/gcc/i686-pc-mingw32/3.4.4/adalib/s-fatsfl.ali
lib/gcc/i686-pc-mingw32/3.4.4/adalib/s-ficobl.ali
lib/gcc/i686-pc-mingw32/3.4.4/adalib/s-fileio.ali
lib/gcc/i686-pc-mingw32/3.4.4/adalib/s-finimp.ali
lib/gcc/i686-pc-mingw32/3.4.4/adalib/s-finroo.ali
lib/gcc/i686-pc-mingw32/3.4.4/adalib/s-fore.ali
lib/gcc/i686-pc-mingw32/3.4.4/adalib/s-geveop.ali
lib/gcc/i686-pc-mingw32/3.4.4/adalib/s-gloloc.ali
lib/gcc/i686-pc-mingw32/3.4.4/adalib/s-htable.ali
lib/gcc/i686-pc-mingw32/3.4.4/adalib/s-imgbiu.ali
lib/gcc/i686-pc-mingw32/3.4.4/adalib/s-imgboo.ali
lib/gcc/i686-pc-mingw32/3.4.4/adalib/s-imgcha.ali
lib/gcc/i686-pc-mingw32/3.4.4/adalib/s-imgdec.ali
lib/gcc/i686-pc-mingw32/3.4.4/adalib/s-imgenu.ali
lib/gcc/i686-pc-mingw32/3.4.4/adalib/s-imgint.ali
lib/gcc/i686-pc-mingw32/3.4.4/adalib/s-imgllb.ali
lib/gcc/i686-pc-mingw32/3.4.4/adalib/s-imglld.ali
lib/gcc/i686-pc-mingw32/3.4.4/adalib/s-imglli.ali
lib/gcc/i686-pc-mingw32/3.4.4/adalib/s-imgllu.ali
lib/gcc/i686-pc-mingw32/3.4.4/adalib/s-imgllw.ali
lib/gcc/i686-pc-mingw32/3.4.4/adalib/s-imgrea.ali
lib/gcc/i686-pc-mingw32/3.4.4/adalib/s-imguns.ali
lib/gcc/i686-pc-mingw32/3.4.4/adalib/s-imgwch.ali
lib/gcc/i686-pc-mingw32/3.4.4/adalib/s-imgwiu.ali
lib/gcc/i686-pc-mingw32/3.4.4/adalib/s-inmaop.ali
lib/gcc/i686-pc-mingw32/3.4.4/adalib/s-interr.ali
lib/gcc/i686-pc-mingw32/3.4.4/adalib/s-intman.ali
lib/gcc/i686-pc-mingw32/3.4.4/adalib/s-io.ali
lib/gcc/i686-pc-mingw32/3.4.4/adalib/s-maccod.ali
lib/gcc/i686-pc-mingw32/3.4.4/adalib/s-mantis.ali
lib/gcc/i686-pc-mingw32/3.4.4/adalib/s-mastop.ali
lib/gcc/i686-pc-mingw32/3.4.4/adalib/s-memcop.ali
lib/gcc/i686-pc-mingw32/3.4.4/adalib/s-memory.ali
lib/gcc/i686-pc-mingw32/3.4.4/adalib/s-osinte.ali
lib/gcc/i686-pc-mingw32/3.4.4/adalib/s-osprim.ali
lib/gcc/i686-pc-mingw32/3.4.4/adalib/s-pack03.ali
lib/gcc/i686-pc-mingw32/3.4.4/adalib/s-pack05.ali
lib/gcc/i686-pc-mingw32/3.4.4/adalib/s-pack06.ali
lib/gcc/i686-pc-mingw32/3.4.4/adalib/s-pack07.ali
lib/gcc/i686-pc-mingw32/3.4.4/adalib/s-pack09.ali
lib/gcc/i686-pc-mingw32/3.4.4/adalib/s-pack10.ali
lib/gcc/i686-pc-mingw32/3.4.4/adalib/s-pack11.ali
lib/gcc/i686-pc-mingw32/3.4.4/adalib/s-pack12.ali
lib/gcc/i686-pc-mingw32/3.4.4/adalib/s-pack13.ali
lib/gcc/i686-pc-mingw32/3.4.4/adalib/s-pack14.ali
lib/gcc/i686-pc-mingw32/3.4.4/adalib/s-pack15.ali
lib/gcc/i686-pc-mingw32/3.4.4/adalib/s-pack17.ali
lib/gcc/i686-pc-mingw32/3.4.4/adalib/s-pack18.ali
lib/gcc/i686-pc-mingw32/3.4.4/adalib/s-pack19.ali
lib/gcc/i686-pc-mingw32/3.4.4/adalib/s-pack20.ali
lib/gcc/i686-pc-mingw32/3.4.4/adalib/s-pack21.ali
lib/gcc/i686-pc-mingw32/3.4.4/adalib/s-pack22.ali
lib/gcc/i686-pc-mingw32/3.4.4/adalib/s-pack23.ali
lib/gcc/i686-pc-mingw32/3.4.4/adalib/s-pack24.ali
lib/gcc/i686-pc-mingw32/3.4.4/adalib/s-pack25.ali
lib/gcc/i686-pc-mingw32/3.4.4/adalib/s-pack26.ali
lib/gcc/i686-pc-mingw32/3.4.4/adalib/s-pack27.ali
lib/gcc/i686-pc-mingw32/3.4.4/adalib/s-pack28.ali
lib/gcc/i686-pc-mingw32/3.4.4/adalib/s-pack29.ali
lib/gcc/i686-pc-mingw32/3.4.4/adalib/s-pack30.ali
lib/gcc/i686-pc-mingw32/3.4.4/adalib/s-pack31.ali
lib/gcc/i686-pc-mingw32/3.4.4/adalib/s-pack33.ali
lib/gcc/i686-pc-mingw32/3.4.4/adalib/s-pack34.ali
lib/gcc/i686-pc-mingw32/3.4.4/adalib/s-pack35.ali
lib/gcc/i686-pc-mingw32/3.4.4/adalib/s-pack36.ali
lib/gcc/i686-pc-mingw32/3.4.4/adalib/s-pack37.ali
lib/gcc/i686-pc-mingw32/3.4.4/adalib/s-pack38.ali
lib/gcc/i686-pc-mingw32/3.4.4/adalib/s-pack39.ali
lib/gcc/i686-pc-mingw32/3.4.4/adalib/s-pack40.ali
lib/gcc/i686-pc-mingw32/3.4.4/adalib/s-pack41.ali
lib/gcc/i686-pc-mingw32/3.4.4/adalib/s-pack42.ali
lib/gcc/i686-pc-mingw32/3.4.4/adalib/s-pack43.ali
lib/gcc/i686-pc-mingw32/3.4.4/adalib/s-pack44.ali
lib/gcc/i686-pc-mingw32/3.4.4/adalib/s-pack45.ali
lib/gcc/i686-pc-mingw32/3.4.4/adalib/s-pack46.ali
lib/gcc/i686-pc-mingw32/3.4.4/adalib/s-pack47.ali
lib/gcc/i686-pc-mingw32/3.4.4/adalib/s-pack48.ali
lib/gcc/i686-pc-mingw32/3.4.4/adalib/s-pack49.ali
lib/gcc/i686-pc-mingw32/3.4.4/adalib/s-pack50.ali
lib/gcc/i686-pc-mingw32/3.4.4/adalib/s-pack51.ali
lib/gcc/i686-pc-mingw32/3.4.4/adalib/s-pack52.ali
lib/gcc/i686-pc-mingw32/3.4.4/adalib/s-pack53.ali
lib/gcc/i686-pc-mingw32/3.4.4/adalib/s-pack54.ali
lib/gcc/i686-pc-mingw32/3.4.4/adalib/s-pack55.ali
lib/gcc/i686-pc-mingw32/3.4.4/adalib/s-pack56.ali
lib/gcc/i686-pc-mingw32/3.4.4/adalib/s-pack57.ali
lib/gcc/i686-pc-mingw32/3.4.4/adalib/s-pack58.ali
lib/gcc/i686-pc-mingw32/3.4.4/adalib/s-pack59.ali
lib/gcc/i686-pc-mingw32/3.4.4/adalib/s-pack60.ali
lib/gcc/i686-pc-mingw32/3.4.4/adalib/s-pack61.ali
lib/gcc/i686-pc-mingw32/3.4.4/adalib/s-pack62.ali
lib/gcc/i686-pc-mingw32/3.4.4/adalib/s-pack63.ali
lib/gcc/i686-pc-mingw32/3.4.4/adalib/s-parame.ali
lib/gcc/i686-pc-mingw32/3.4.4/adalib/s-parint.ali
lib/gcc/i686-pc-mingw32/3.4.4/adalib/s-pooglo.ali
lib/gcc/i686-pc-mingw32/3.4.4/adalib/s-pooloc.ali
lib/gcc/i686-pc-mingw32/3.4.4/adalib/s-poosiz.ali
lib/gcc/i686-pc-mingw32/3.4.4/adalib/s-powtab.ali
lib/gcc/i686-pc-mingw32/3.4.4/adalib/s-proinf.ali
lib/gcc/i686-pc-mingw32/3.4.4/adalib/s-purexc.ali
lib/gcc/i686-pc-mingw32/3.4.4/adalib/s-rident.ali
lib/gcc/i686-pc-mingw32/3.4.4/adalib/s-rpc.ali
lib/gcc/i686-pc-mingw32/3.4.4/adalib/s-scaval.ali
lib/gcc/i686-pc-mingw32/3.4.4/adalib/s-secsta.ali
lib/gcc/i686-pc-mingw32/3.4.4/adalib/s-sequio.ali
lib/gcc/i686-pc-mingw32/3.4.4/adalib/s-shasto.ali
lib/gcc/i686-pc-mingw32/3.4.4/adalib/s-soflin.ali
lib/gcc/i686-pc-mingw32/3.4.4/adalib/s-sopco3.ali
lib/gcc/i686-pc-mingw32/3.4.4/adalib/s-sopco4.ali
lib/gcc/i686-pc-mingw32/3.4.4/adalib/s-sopco5.ali
lib/gcc/i686-pc-mingw32/3.4.4/adalib/s-stache.ali
lib/gcc/i686-pc-mingw32/3.4.4/adalib/s-stalib.ali
lib/gcc/i686-pc-mingw32/3.4.4/adalib/s-stoele.ali
lib/gcc/i686-pc-mingw32/3.4.4/adalib/s-stopoo.ali
lib/gcc/i686-pc-mingw32/3.4.4/adalib/s-stratt.ali
lib/gcc/i686-pc-mingw32/3.4.4/adalib/s-strops.ali
lib/gcc/i686-pc-mingw32/3.4.4/adalib/s-taasde.ali
lib/gcc/i686-pc-mingw32/3.4.4/adalib/s-tadeca.ali
lib/gcc/i686-pc-mingw32/3.4.4/adalib/s-tadert.ali
lib/gcc/i686-pc-mingw32/3.4.4/adalib/s-taenca.ali
lib/gcc/i686-pc-mingw32/3.4.4/adalib/s-taprob.ali
lib/gcc/i686-pc-mingw32/3.4.4/adalib/s-taprop.ali
lib/gcc/i686-pc-mingw32/3.4.4/adalib/s-tarest.ali
lib/gcc/i686-pc-mingw32/3.4.4/adalib/s-tasdeb.ali
lib/gcc/i686-pc-mingw32/3.4.4/adalib/s-tasinf.ali
lib/gcc/i686-pc-mingw32/3.4.4/adalib/s-tasini.ali
lib/gcc/i686-pc-mingw32/3.4.4/adalib/s-taskin.ali
lib/gcc/i686-pc-mingw32/3.4.4/adalib/s-taspri.ali
lib/gcc/i686-pc-mingw32/3.4.4/adalib/s-tasque.ali
lib/gcc/i686-pc-mingw32/3.4.4/adalib/s-tasren.ali
lib/gcc/i686-pc-mingw32/3.4.4/adalib/s-tasres.ali
lib/gcc/i686-pc-mingw32/3.4.4/adalib/s-tassta.ali
lib/gcc/i686-pc-mingw32/3.4.4/adalib/s-tasuti.ali
lib/gcc/i686-pc-mingw32/3.4.4/adalib/s-tataat.ali
lib/gcc/i686-pc-mingw32/3.4.4/adalib/s-tpinop.ali
lib/gcc/i686-pc-mingw32/3.4.4/adalib/s-tpoben.ali
lib/gcc/i686-pc-mingw32/3.4.4/adalib/s-tpobop.ali
lib/gcc/i686-pc-mingw32/3.4.4/adalib/s-tposen.ali
lib/gcc/i686-pc-mingw32/3.4.4/adalib/s-traceb.ali
lib/gcc/i686-pc-mingw32/3.4.4/adalib/s-traces.ali
lib/gcc/i686-pc-mingw32/3.4.4/adalib/s-traent.ali
lib/gcc/i686-pc-mingw32/3.4.4/adalib/s-tratas.ali
lib/gcc/i686-pc-mingw32/3.4.4/adalib/s-unstyp.ali
lib/gcc/i686-pc-mingw32/3.4.4/adalib/s-vaflop.ali
lib/gcc/i686-pc-mingw32/3.4.4/adalib/s-valboo.ali
lib/gcc/i686-pc-mingw32/3.4.4/adalib/s-valcha.ali
lib/gcc/i686-pc-mingw32/3.4.4/adalib/s-valdec.ali
lib/gcc/i686-pc-mingw32/3.4.4/adalib/s-valenu.ali
lib/gcc/i686-pc-mingw32/3.4.4/adalib/s-valint.ali
lib/gcc/i686-pc-mingw32/3.4.4/adalib/s-vallld.ali
lib/gcc/i686-pc-mingw32/3.4.4/adalib/s-vallli.ali
lib/gcc/i686-pc-mingw32/3.4.4/adalib/s-valllu.ali
lib/gcc/i686-pc-mingw32/3.4.4/adalib/s-valrea.ali
lib/gcc/i686-pc-mingw32/3.4.4/adalib/s-valuns.ali
lib/gcc/i686-pc-mingw32/3.4.4/adalib/s-valuti.ali
lib/gcc/i686-pc-mingw32/3.4.4/adalib/s-valwch.ali
lib/gcc/i686-pc-mingw32/3.4.4/adalib/s-veboop.ali
lib/gcc/i686-pc-mingw32/3.4.4/adalib/s-vector.ali
lib/gcc/i686-pc-mingw32/3.4.4/adalib/s-vercon.ali
lib/gcc/i686-pc-mingw32/3.4.4/adalib/s-vmexta.ali
lib/gcc/i686-pc-mingw32/3.4.4/adalib/s-wchcnv.ali
lib/gcc/i686-pc-mingw32/3.4.4/adalib/s-wchcon.ali
lib/gcc/i686-pc-mingw32/3.4.4/adalib/s-wchjis.ali
lib/gcc/i686-pc-mingw32/3.4.4/adalib/s-wchstw.ali
lib/gcc/i686-pc-mingw32/3.4.4/adalib/s-wchwts.ali
lib/gcc/i686-pc-mingw32/3.4.4/adalib/s-widboo.ali
lib/gcc/i686-pc-mingw32/3.4.4/adalib/s-widcha.ali
lib/gcc/i686-pc-mingw32/3.4.4/adalib/s-widenu.ali
lib/gcc/i686-pc-mingw32/3.4.4/adalib/s-widlli.ali
lib/gcc/i686-pc-mingw32/3.4.4/adalib/s-widllu.ali
lib/gcc/i686-pc-mingw32/3.4.4/adalib/s-widwch.ali
lib/gcc/i686-pc-mingw32/3.4.4/adalib/s-wwdcha.ali
lib/gcc/i686-pc-mingw32/3.4.4/adalib/s-wwdenu.ali
lib/gcc/i686-pc-mingw32/3.4.4/adalib/s-wwdwch.ali
lib/gcc/i686-pc-mingw32/3.4.4/adalib/system.ali
lib/gcc/i686-pc-mingw32/3.4.4/adalib/text_io.ali
lib/gcc/i686-pc-mingw32/3.4.4/gnat1.exe
lib/gcc/i686-pc-mingw32/3.4.4/no-cygwin/adainclude
lib/gcc/i686-pc-mingw32/3.4.4/no-cygwin/adalib
